../Core/Src/frontend_api.c:652:6:Frontend_DiskWriteTask	16	static
../Core/Src/frontend_api.c:175:13:Cmd_SPI	96	static
../Core/Src/frontend_api.c:509:13:Cmd_EXT	24	static
../Core/Src/frontend_api.c:454:13:Cmd_MEM	24	static
../Core/Src/frontend_api.c:383:13:Cmd_IO	48	static
../Core/Src/frontend_api.c:400:13:Cmd_BQ	528	static
../Core/Src/frontend_api.c:237:13:Cmd_TELEM	16	static
../Core/Src/frontend_api.c:161:13:Cmd_LED	16	static
../Core/Src/frontend_api.c:480:13:Cmd_ADC	8	static
../Core/Src/frontend_api.c:539:13:Cmd_BENCHMARK	96	static
../Core/Src/frontend_api.c:494:13:Cmd_PINMUX	16	static
../Core/Src/frontend_api.c:471:13:Cmd_UART	16	static
../Core/Src/frontend_api.c:89:13:Cmd_GET_SLOT	8	static
../Core/Src/frontend_api.c:137:13:Cmd_SETCLK	16	static
../Core/Src/frontend_api.c:159:13:Cmd_READ_TEST.part.0	8	static
../Core/Src/frontend_api.c:159:13:Cmd_READ_TEST	8	static
../Core/Src/frontend_api.c:145:13:Cmd_SCAN	16	static
../Core/Src/frontend_api.c:158:13:Cmd_SECTOR_TEST	8	static
../Core/Src/frontend_api.c:157:13:Cmd_RAW_TEST	8	static
../Core/Src/frontend_api.c:156:13:Cmd_SD_TEST	8	static
../Core/Src/frontend_api.c:96:13:Cmd_START	48	static
../Core/Src/frontend_api.c:284:13:Cmd_SYS	1264	static,ignoring_inline_asm
../Core/Src/frontend_api.c:586:13:Cmd_DELAY	8	static
../Core/Src/frontend_api.c:663:6:Frontend_Init	56	static
../Core/Src/frontend_api.c:678:6:Frontend_ExecuteCommand	72	static
../Core/Src/frontend_api.c:592:13:Cmd_MACRO.part.0	776	static
../Core/Src/frontend_api.c:592:13:Cmd_MACRO	8	static
../Core/Src/frontend_api.c:703:6:Frontend_ProcessBlock	56	static
../Core/Src/frontend_api.c:759:6:Frontend_CheckTimeout	8	static
