../Core/Src/main.c:480:13:MX_SPI2_Init	8	static,ignoring_inline_asm
../Core/Src/main.c:520:13:MX_SPI3_Init	8	static,ignoring_inline_asm
../Core/Src/main.c:864:6:StartDefaultTask	8	static
../Core/Src/main.c:221:6:SystemClock_Config	120	static,ignoring_inline_asm
../Core/Src/main.c:97:5:main	168	static,ignoring_inline_asm
../Core/Src/main.c:847:6:App_Resume_SPI	8	static
../Core/Src/main.c:885:6:HAL_TIM_PeriodElapsedCallback	8	static
../Core/Src/main.c:906:6:Error_Handler	0	static,ignoring_inline_asm
