../Core/Src/stm32g0xx_it.c:81:6:NMI_Handler	0	static
../Core/Src/stm32g0xx_it.c:96:6:HardFault_Handler	16	static,ignoring_inline_asm
../Core/Src/stm32g0xx_it.c:126:6:USB_UCPD1_2_IRQHandler	8	static
../Core/Src/stm32g0xx_it.c:140:6:DMA1_Channel1_IRQHandler	8	static
../Core/Src/stm32g0xx_it.c:154:6:DMA1_Channel2_3_IRQHandler	8	static
../Core/Src/stm32g0xx_it.c:169:6:DMA1_Ch4_7_DMA2_Ch1_5_DMAMUX1_OVR_IRQHandler	8	static
../Core/Src/stm32g0xx_it.c:185:6:TIM6_DAC_LPTIM1_IRQHandler	8	static
../Core/Src/stm32g0xx_it.c:199:6:TIM7_LPTIM2_IRQHandler	8	static
../Core/Src/stm32g0xx_it.c:213:6:I2C1_IRQHandler	8	static
../Core/Src/stm32g0xx_it.c:234:6:SPI2_3_IRQHandler	8	static
