Archive member included to satisfy reference by file (symbol)

C:/ST/STM32CubeIDE_1.19.0/STM32CubeIDE/plugins/com.st.stm32cube.ide.mcu.externaltools.gnu-tools-for-stm32.13.3.rel1.win32_1.0.0.202411081344/tools/bin/../lib/gcc/arm-none-eabi/13.3.1/../../../../arm-none-eabi/lib/thumb/v6-m/nofp\libc_nano.a(libc_a-atof.o)
                              ./Core/Src/frontend_api.o (atof)
C:/ST/STM32CubeIDE_1.19.0/STM32CubeIDE/plugins/com.st.stm32cube.ide.mcu.externaltools.gnu-tools-for-stm32.13.3.rel1.win32_1.0.0.202411081344/tools/bin/../lib/gcc/arm-none-eabi/13.3.1/../../../../arm-none-eabi/lib/thumb/v6-m/nofp\libc_nano.a(libc_a-atoi.o)
                              ./Core/Src/frontend_api.o (atoi)
C:/ST/STM32CubeIDE_1.19.0/STM32CubeIDE/plugins/com.st.stm32cube.ide.mcu.externaltools.gnu-tools-for-stm32.13.3.rel1.win32_1.0.0.202411081344/tools/bin/../lib/gcc/arm-none-eabi/13.3.1/../../../../arm-none-eabi/lib/thumb/v6-m/nofp\libc_nano.a(libc_a-exit.o)
                              C:/ST/STM32CubeIDE_1.19.0/STM32CubeIDE/plugins/com.st.stm32cube.ide.mcu.externaltools.gnu-tools-for-stm32.13.3.rel1.win32_1.0.0.202411081344/tools/bin/../lib/gcc/arm-none-eabi/13.3.1/../../../../arm-none-eabi/lib/thumb/v6-m/nofp/crt0.o (exit)
C:/ST/STM32CubeIDE_1.19.0/STM32CubeIDE/plugins/com.st.stm32cube.ide.mcu.externaltools.gnu-tools-for-stm32.13.3.rel1.win32_1.0.0.202411081344/tools/bin/../lib/gcc/arm-none-eabi/13.3.1/../../../../arm-none-eabi/lib/thumb/v6-m/nofp\libc_nano.a(libc_a-strtod.o)
                              C:/ST/STM32CubeIDE_1.19.0/STM32CubeIDE/plugins/com.st.stm32cube.ide.mcu.externaltools.gnu-tools-for-stm32.13.3.rel1.win32_1.0.0.202411081344/tools/bin/../lib/gcc/arm-none-eabi/13.3.1/../../../../arm-none-eabi/lib/thumb/v6-m/nofp\libc_nano.a(libc_a-atof.o) (strtod)
C:/ST/STM32CubeIDE_1.19.0/STM32CubeIDE/plugins/com.st.stm32cube.ide.mcu.externaltools.gnu-tools-for-stm32.13.3.rel1.win32_1.0.0.202411081344/tools/bin/../lib/gcc/arm-none-eabi/13.3.1/../../../../arm-none-eabi/lib/thumb/v6-m/nofp\libc_nano.a(libc_a-strtol.o)
                              C:/ST/STM32CubeIDE_1.19.0/STM32CubeIDE/plugins/com.st.stm32cube.ide.mcu.externaltools.gnu-tools-for-stm32.13.3.rel1.win32_1.0.0.202411081344/tools/bin/../lib/gcc/arm-none-eabi/13.3.1/../../../../arm-none-eabi/lib/thumb/v6-m/nofp\libc_nano.a(libc_a-atoi.o) (_strtol_r)
C:/ST/STM32CubeIDE_1.19.0/STM32CubeIDE/plugins/com.st.stm32cube.ide.mcu.externaltools.gnu-tools-for-stm32.13.3.rel1.win32_1.0.0.202411081344/tools/bin/../lib/gcc/arm-none-eabi/13.3.1/../../../../arm-none-eabi/lib/thumb/v6-m/nofp\libc_nano.a(libc_a-strtoul.o)
                              ./Core/Src/frontend_api.o (strtoul)
C:/ST/STM32CubeIDE_1.19.0/STM32CubeIDE/plugins/com.st.stm32cube.ide.mcu.externaltools.gnu-tools-for-stm32.13.3.rel1.win32_1.0.0.202411081344/tools/bin/../lib/gcc/arm-none-eabi/13.3.1/../../../../arm-none-eabi/lib/thumb/v6-m/nofp\libc_nano.a(libc_a-ctype_.o)
                              C:/ST/STM32CubeIDE_1.19.0/STM32CubeIDE/plugins/com.st.stm32cube.ide.mcu.externaltools.gnu-tools-for-stm32.13.3.rel1.win32_1.0.0.202411081344/tools/bin/../lib/gcc/arm-none-eabi/13.3.1/../../../../arm-none-eabi/lib/thumb/v6-m/nofp\libc_nano.a(libc_a-strtol.o) (_ctype_)
C:/ST/STM32CubeIDE_1.19.0/STM32CubeIDE/plugins/com.st.stm32cube.ide.mcu.externaltools.gnu-tools-for-stm32.13.3.rel1.win32_1.0.0.202411081344/tools/bin/../lib/gcc/arm-none-eabi/13.3.1/../../../../arm-none-eabi/lib/thumb/v6-m/nofp\libc_nano.a(libc_a-nano-vfprintf_float.o)
                              (_printf_float)
C:/ST/STM32CubeIDE_1.19.0/STM32CubeIDE/plugins/com.st.stm32cube.ide.mcu.externaltools.gnu-tools-for-stm32.13.3.rel1.win32_1.0.0.202411081344/tools/bin/../lib/gcc/arm-none-eabi/13.3.1/../../../../arm-none-eabi/lib/thumb/v6-m/nofp\libc_nano.a(libc_a-nano-vfprintf_i.o)
                              C:/ST/STM32CubeIDE_1.19.0/STM32CubeIDE/plugins/com.st.stm32cube.ide.mcu.externaltools.gnu-tools-for-stm32.13.3.rel1.win32_1.0.0.202411081344/tools/bin/../lib/gcc/arm-none-eabi/13.3.1/../../../../arm-none-eabi/lib/thumb/v6-m/nofp\libc_nano.a(libc_a-nano-vfprintf_float.o) (_printf_common)
C:/ST/STM32CubeIDE_1.19.0/STM32CubeIDE/plugins/com.st.stm32cube.ide.mcu.externaltools.gnu-tools-for-stm32.13.3.rel1.win32_1.0.0.202411081344/tools/bin/../lib/gcc/arm-none-eabi/13.3.1/../../../../arm-none-eabi/lib/thumb/v6-m/nofp\libc_nano.a(libc_a-findfp.o)
                              ./Middlewares/Third_Party/FreeRTOS/Source/tasks.o (__sf)
C:/ST/STM32CubeIDE_1.19.0/STM32CubeIDE/plugins/com.st.stm32cube.ide.mcu.externaltools.gnu-tools-for-stm32.13.3.rel1.win32_1.0.0.202411081344/tools/bin/../lib/gcc/arm-none-eabi/13.3.1/../../../../arm-none-eabi/lib/thumb/v6-m/nofp\libc_nano.a(libc_a-fwalk.o)
[...]
Memory Configuration

Name             Origin             Length             Attributes
RAM              0x20000000         0x00024000         xrw
FLASH            0x08000000         0x00080000         xr
*default*        0x00000000         0xffffffff

Linker script and memory map

LOAD C:/ST/STM32CubeIDE_1.19.0/STM32CubeIDE/plugins/com.st.stm32cube.ide.mcu.externaltools.gnu-tools-for-stm32.13.3.rel1.win32_1.0.0.202411081344/tools/bin/../lib/gcc/arm-none-eabi/13.3.1/thumb/v6-m/nofp/crti.o
LOAD C:/ST/STM32CubeIDE_1.19.0/STM32CubeIDE/plugins/com.st.stm32cube.ide.mcu.externaltools.gnu-tools-for-stm32.13.3.rel1.win32_1.0.0.202411081344/tools/bin/../lib/gcc/arm-none-eabi/13.3.1/thumb/v6-m/nofp/crtbegin.o
LOAD C:/ST/STM32CubeIDE_1.19.0/STM32CubeIDE/plugins/com.st.stm32cube.ide.mcu.externaltools.gnu-tools-for-stm32.13.3.rel1.win32_1.0.0.202411081344/tools/bin/../lib/gcc/arm-none-eabi/13.3.1/../../../../arm-none-eabi/lib/thumb/v6-m/nofp/crt0.o
LOAD ./Core/Src/app_freertos.o
LOAD ./Core/Src/battery_defs.o
LOAD ./Core/Src/battery_soc.o
LOAD ./Core/Src/bq25798.o
LOAD ./Core/Src/diagnostics.o
LOAD ./Core/Src/error_manager.o
LOAD ./Core/Src/fpga.o
LOAD ./Core/Src/frontend_api.o
LOAD ./Core/Src/joystick.o
LOAD ./Core/Src/led_manager.o
LOAD ./Core/Src/main.o
LOAD ./Core/Src/ota.o
LOAD ./Core/Src/pinmux.o
LOAD ./Core/Src/powerMonitor.o
LOAD ./Core/Src/stm32g0xx_hal_msp.o
LOAD ./Core/Src/stm32g0xx_hal_timebase_tim.o
LOAD ./Core/Src/stm32g0xx_it.o
LOAD ./Core/Src/sys_power.o
LOAD ./Core/Src/syscalls.o
LOAD ./Core/Src/sysmem.o
LOAD ./Core/Src/system_stm32g0xx.o
LOAD ./Core/Src/user_diskio_spi.o
LOAD ./Core/Startup/startup_stm32g0b1ceux.o
LOAD ./Drivers/STM32G0xx_HAL_Driver/Src/stm32g0xx_hal.o
LOAD ./Drivers/STM32G0xx_HAL_Driver/Src/stm32g0xx_hal_adc.o
LOAD ./Drivers/STM32G0xx_HAL_Driver/Src/stm32g0xx_hal_adc_ex.o
LOAD ./Drivers/STM32G0xx_HAL_Driver/Src/stm32g0xx_hal_cortex.o
LOAD ./Drivers/STM32G0xx_HAL_Driver/Src/stm32g0xx_hal_dma.o
LOAD ./Drivers/STM32G0xx_HAL_Driver/Src/stm32g0xx_hal_dma_ex.o
LOAD ./Drivers/STM32G0xx_HAL_Driver/Src/stm32g0xx_hal_exti.o
LOAD ./Drivers/STM32G0xx_HAL_Driver/Src/stm32g0xx_hal_flash.o
LOAD ./Drivers/STM32G0xx_HAL_Driver/Src/stm32g0xx_hal_flash_ex.o
LOAD ./Drivers/STM32G0xx_HAL_Driver/Src/stm32g0xx_hal_gpio.o
LOAD ./Drivers/STM32G0xx_HAL_Driver/Src/stm32g0xx_hal_i2c.o
LOAD ./Drivers/STM32G0xx_HAL_Driver/Src/stm32g0xx_hal_i2c_ex.o
LOAD ./Drivers/STM32G0xx_HAL_Driver/Src/stm32g0xx_hal_pcd.o
LOAD ./Drivers/STM32G0xx_HAL_Driver/Src/stm32g0xx_hal_pcd_ex.o
LOAD ./Drivers/STM32G0xx_HAL_Driver/Src/stm32g0xx_hal_pwr.o
LOAD ./Drivers/STM32G0xx_HAL_Driver/Src/stm32g0xx_hal_pwr_ex.o
LOAD ./Drivers/STM32G0xx_HAL_Driver/Src/stm32g0xx_hal_rcc.o
LOAD ./Drivers/STM32G0xx_HAL_Driver/Src/stm32g0xx_hal_rcc_ex.o
LOAD ./Drivers/STM32G0xx_HAL_Driver/Src/stm32g0xx_hal_spi.o
LOAD ./Drivers/STM32G0xx_HAL_Driver/Src/stm32g0xx_hal_spi_ex.o
LOAD ./Drivers/STM32G0xx_HAL_Driver/Src/stm32g0xx_hal_tim.o
LOAD ./Drivers/STM32G0xx_HAL_Driver/Src/stm32g0xx_hal_tim_ex.o
LOAD ./Drivers/STM32G0xx_HAL_Driver/Src/stm32g0xx_hal_uart.o
LOAD ./Drivers/STM32G0xx_HAL_Driver/Src/stm32g0xx_hal_uart_ex.o
LOAD ./Drivers/STM32G0xx_HAL_Driver/Src/stm32g0xx_ll_adc.o
LOAD ./Drivers/STM32G0xx_HAL_Driver/Src/stm32g0xx_ll_rcc.o
LOAD ./Drivers/STM32G0xx_HAL_Driver/Src/stm32g0xx_ll_usb.o
LOAD ./FATFS/App/app_fatfs.o
LOAD ./FATFS/Target/user_diskio.o
LOAD ./Middlewares/ST/STM32_USB_Device_Library/Class/CDC/Src/usbd_cdc.o
LOAD ./Middlewares/ST/STM32_USB_Device_Library/Core/Src/usbd_core.o
LOAD ./Middlewares/ST/STM32_USB_Device_Library/Core/Src/usbd_ctlreq.o
LOAD ./Middlewares/ST/STM32_USB_Device_Library/Core/Src/usbd_ioreq.o
LOAD ./Middlewares/Third_Party/FatFs/src/diskio.o
LOAD ./Middlewares/Third_Party/FatFs/src/ff.o
LOAD ./Middlewares/Third_Party/FatFs/src/ff_gen_drv.o
LOAD ./Middlewares/Third_Party/FatFs/src/option/ccsbcs.o
LOAD ./Middlewares/Third_Party/FatFs/src/option/syscall.o
LOAD ./Middlewares/Third_Party/FreeRTOS/Source/CMSIS_RTOS_V2/cmsis_os2.o
LOAD ./Middlewares/Third_Party/FreeRTOS/Source/croutine.o
LOAD ./Middlewares/Third_Party/FreeRTOS/Source/event_groups.o
LOAD ./Middlewares/Third_Party/FreeRTOS/Source/list.o
LOAD ./Middlewares/Third_Party/FreeRTOS/Source/queue.o
LOAD ./Middlewares/Third_Party/FreeRTOS/Source/stream_buffer.o
LOAD ./Middlewares/Third_Party/FreeRTOS/Source/tasks.o
LOAD ./Middlewares/Third_Party/FreeRTOS/Source/timers.o
LOAD ./Middlewares/Third_Party/FreeRTOS/Source/portable/GCC/ARM_CM0/port.o
LOAD ./Middlewares/Third_Party/FreeRTOS/Source/portable/MemMang/heap_4.o
LOAD ./USB_Device/App/usb_device.o
LOAD ./USB_Device/App/usbd_cdc_if.o
LOAD ./USB_Device/App/usbd_desc.o
LOAD ./USB_Device/Target/usbd_conf.o
START GROUP
LOAD C:/ST/STM32CubeIDE_1.19.0/STM32CubeIDE/plugins/com.st.stm32cube.ide.mcu.externaltools.gnu-tools-for-stm32.13.3.rel1.win32_1.0.0.202411081344/tools/bin/../lib/gcc/arm-none-eabi/13.3.1/../../../../arm-none-eabi/lib/thumb/v6-m/nofp\libc_nano.a
LOAD C:/ST/STM32CubeIDE_1.19.0/STM32CubeIDE/plugins/com.st.stm32cube.ide.mcu.externaltools.gnu-tools-for-stm32.13.3.rel1.win32_1.0.0.202411081344/tools/bin/../lib/gcc/arm-none-eabi/13.3.1/../../../../arm-none-eabi/lib/thumb/v6-m/nofp\libm.a
END GROUP
START GROUP
LOAD C:/ST/STM32CubeIDE_1.19.0/STM32CubeIDE/plugins/com.st.stm32cube.ide.mcu.externaltools.gnu-tools-for-stm32.13.3.rel1.win32_1.0.0.202411081344/tools/bin/../lib/gcc/arm-none-eabi/13.3.1/thumb/v6-m/nofp\libgcc.a
LOAD C:/ST/STM32CubeIDE_1.19.0/STM32CubeIDE/plugins/com.st.stm32cube.ide.mcu.externaltools.gnu-tools-for-stm32.13.3.rel1.win32_1.0.0.202411081344/tools/bin/../lib/gcc/arm-none-eabi/13.3.1/../../../../arm-none-eabi/lib/thumb/v6-m/nofp\libc_nano.a
END GROUP
START GROUP
LOAD C:/ST/STM32CubeIDE_1.19.0/STM32CubeIDE/plugins/com.st.stm32cube.ide.mcu.externaltools.gnu-tools-for-stm32.13.3.rel1.win32_1.0.0.202411081344/tools/bin/../lib/gcc/arm-none-eabi/13.3.1/thumb/v6-m/nofp\libgcc.a
LOAD C:/ST/STM32CubeIDE_1.19.0/STM32CubeIDE/plugins/com.st.stm32cube.ide.mcu.externaltools.gnu-tools-for-stm32.13.3.rel1.win32_1.0.0.202411081344/tools/bin/../lib/gcc/arm-none-eabi/13.3.1/../../../../arm-none-eabi/lib/thumb/v6-m/nofp\libc_nano.a
LOAD C:/ST/STM32CubeIDE_1.19.0/STM32CubeIDE/plugins/com.st.stm32cube.ide.mcu.externaltools.gnu-tools-for-stm32.13.3.rel1.win32_1.0.0.202411081344/tools/bin/../lib/gcc/arm-none-eabi/13.3.1/../../../../arm-none-eabi/lib/thumb/v6-m/nofp\libnosys.a
END GROUP
START GROUP
LOAD C:/ST/STM32CubeIDE_1.19.0/STM32CubeIDE/plugins/com.st.stm32cube.ide.mcu.externaltools.gnu-tools-for-stm32.13.3.rel1.win32_1.0.0.202411081344/tools/bin/../lib/gcc/arm-none-eabi/13.3.1/thumb/v6-m/nofp\libgcc.a
LOAD C:/ST/STM32CubeIDE_1.19.0/STM32CubeIDE/plugins/com.st.stm32cube.ide.mcu.externaltools.gnu-tools-for-stm32.13.3.rel1.win32_1.0.0.202411081344/tools/bin/../lib/gcc/arm-none-eabi/13.3.1/../../../../arm-none-eabi/lib/thumb/v6-m/nofp\libc_nano.a
LOAD C:/ST/STM32CubeIDE_1.19.0/STM32CubeIDE/plugins/com.st.stm32cube.ide.mcu.externaltools.gnu-tools-for-stm32.13.3.rel1.win32_1.0.0.202411081344/tools/bin/../lib/gcc/arm-none-eabi/13.3.1/../../../../arm-none-eabi/lib/thumb/v6-m/nofp\libnosys.a
END GROUP
LOAD C:/ST/STM32CubeIDE_1.19.0/STM32CubeIDE/plugins/com.st.stm32cube.ide.mcu.externaltools.gnu-tools-for-stm32.13.3.rel1.win32_1.0.0.202411081344/tools/bin/../lib/gcc/arm-none-eabi/13.3.1/thumb/v6-m/nofp/crtend.o
LOAD C:/ST/STM32CubeIDE_1.19.0/STM32CubeIDE/plugins/com.st.stm32cube.ide.mcu.externaltools.gnu-tools-for-stm32.13.3.rel1.win32_1.0.0.202411081344/tools/bin/../lib/gcc/arm-none-eabi/13.3.1/thumb/v6-m/nofp/crtn.o
                0x20024000                        _estack = (ORIGIN (RAM) + LENGTH (RAM))
                0x00001000                        _Min_Heap_Size = 0x1000
                0x00001000                        _Min_Stack_Size = 0x1000

.isr_vector     0x08000000       0xbc
                0x08000000                        . = ALIGN (0x4)
 *(.isr_vector)
 .isr_vector    0x08000000       0xbc ./Core/Startup/startup_stm32g0b1ceux.o
                0x08000000                g_pfnVectors
                0x080000bc                        . = ALIGN (0x4)

.text           0x080000c0    0x1a6a8
                0x080000c0                        . = ALIGN (0x4)
 *(.text)
 .text          0x080000c0       0x48 C:/ST/STM32CubeIDE_1.19.0/STM32CubeIDE/plugins/com.st.stm32cube.ide.mcu.externaltools.gnu-tools-for-stm32.13.3.rel1.win32_1.0.0.202411081344/tools/bin/../lib/gcc/arm-none-eabi/13.3.1/thumb/v6-m/nofp/crtbegin.o
 .text          0x08000108       0x14 C:/ST/STM32CubeIDE_1.19.0/STM32CubeIDE/plugins/com.st.stm32cube.ide.mcu.externaltools.gnu-tools-for-stm32.13.3.rel1.win32_1.0.0.202411081344/tools/bin/../lib/gcc/arm-none-eabi/13.3.1/../../../../arm-none-eabi/lib/thumb/v6-m/nofp\libc_nano.a(libc_a-strcmp.o)
                0x08000108                strcmp
 .text          0x0800011c        0xe C:/ST/STM32CubeIDE_1.19.0/STM32CubeIDE/plugins/com.st.stm32cube.ide.mcu.externaltools.gnu-tools-for-stm32.13.3.rel1.win32_1.0.0.202411081344/tools/bin/../lib/gcc/arm-none-eabi/13.3.1/../../../../arm-none-eabi/lib/thumb/v6-m/nofp\libc_nano.a(libc_a-strlen.o)
                0x0800011c                strlen
 *fill*         0x0800012a        0x2 
 .text          0x0800012c       0x14 C:/ST/STM32CubeIDE_1.19.0/STM32CubeIDE/plugins/com.st.stm32cube.ide.mcu.externaltools.gnu-tools-for-stm32.13.3.rel1.win32_1.0.0.202411081344/tools/bin/../lib/gcc/arm-none-eabi/13.3.1/thumb/v6-m/nofp\libgcc.a(_thumb1_case_sqi.o)
                0x0800012c                __gnu_thumb1_case_sqi
 .text          0x08000140       0x14 C:/ST/STM32CubeIDE_1.19.0/STM32CubeIDE/plugins/com.st.stm32cube.ide.mcu.externaltools.gnu-tools-for-stm32.13.3.rel1.win32_1.0.0.202411081344/tools/bin/../lib/gcc/arm-none-eabi/13.3.1/thumb/v6-m/nofp\libgcc.a(_thumb1_case_uqi.o)
                0x08000140                __gnu_thumb1_case_uqi
 .text          0x08000154       0x14 C:/ST/STM32CubeIDE_1.19.0/STM32CubeIDE/plugins/com.st.stm32cube.ide.mcu.externaltools.gnu-tools-for-stm32.13.3.rel1.win32_1.0.0.202411081344/tools/bin/../lib/gcc/arm-none-eabi/13.3.1/thumb/v6-m/nofp\libgcc.a(_thumb1_case_shi.o)
                0x08000154                __gnu_thumb1_case_shi
 .text          0x08000168      0x114 C:/ST/STM32CubeIDE_1.19.0/STM32CubeIDE/plugins/com.st.stm32cube.ide.mcu.externaltools.gnu-tools-for-stm32.13.3.rel1.win32_1.0.0.202411081344/tools/bin/../lib/gcc/arm-none-eabi/13.3.1/thumb/v6-m/nofp\libgcc.a(_udivsi3.o)
                0x08000168                __aeabi_uidiv
                0x08000168                __udivsi3
                0x08000274                __aeabi_uidivmod
 .text          0x0800027c      0x1d4 C:/ST/STM32CubeIDE_1.19.0/STM32CubeIDE/plugins/com.st.stm32cube.ide.mcu.externaltools.gnu-tools-for-stm32.13.3.rel1.win32_1.0.0.202411081344/tools/bin/../lib/gcc/arm-none-eabi/13.3.1/thumb/v6-m/nofp\libgcc.a(_divsi3.o)
                0x0800027c                __divsi3
                0x0800027c                __aeabi_idiv
                0x08000448                __aeabi_idivmod
 .text          0x08000450        0x4 C:/ST/STM32CubeIDE_1.19.0/STM32CubeIDE/plugins/com.st.stm32cube.ide.mcu.externaltools.gnu-tools-for-stm32.13.3.rel1.win32_1.0.0.202411081344/tools/bin/../lib/gcc/arm-none-eabi/13.3.1/thumb/v6-m/nofp\libgcc.a(_dvmd_tls.o)
                0x08000450                __aeabi_idiv0
                0x08000450                __aeabi_ldiv0
 .text          0x08000454       0x7c C:/ST/STM32CubeIDE_1.19.0/STM32CubeIDE/plugins/com.st.stm32cube.ide.mcu.externaltools.gnu-tools-for-stm32.13.3.rel1.win32_1.0.0.202411081344/tools/bin/../lib/gcc/arm-none-eabi/13.3.1/thumb/v6-m/nofp\libgcc.a(_arm_cmpdf2.o)
                0x08000454                __aeabi_cdrcmple
                0x08000464                __aeabi_cdcmple
                0x08000464                __aeabi_cdcmpeq
                0x08000474                __aeabi_dcmpeq
                0x08000480                __aeabi_dcmplt
                0x08000494                __aeabi_dcmple
                0x080004a8                __aeabi_dcmpgt
                0x080004bc                __aeabi_dcmpge
 .text          0x080004d0       0x74 C:/ST/STM32CubeIDE_1.19.0/STM32CubeIDE/plugins/com.st.stm32cube.ide.mcu.externaltools.gnu-tools-for-stm32.13.3.rel1.win32_1.0.0.202411081344/tools/bin/../lib/gcc/arm-none-eabi/13.3.1/thumb/v6-m/nofp\libgcc.a(_arm_cmpsf2.o)
                0x080004d0                __aeabi_cfrcmple
                0x080004d8                __aeabi_cfcmpeq
                0x080004d8                __aeabi_cfcmple
                0x080004e8                __aeabi_fcmpeq
                0x080004f4                __aeabi_fcmplt
                0x08000508                __aeabi_fcmple
                0x0800051c                __aeabi_fcmpgt
                0x08000530                __aeabi_fcmpge
 .text          0x08000544       0x40 C:/ST/STM32CubeIDE_1.19.0/STM32CubeIDE/plugins/com.st.stm32cube.ide.mcu.externaltools.gnu-tools-for-stm32.13.3.rel1.win32_1.0.0.202411081344/tools/bin/../lib/gcc/arm-none-eabi/13.3.1/thumb/v6-m/nofp\libgcc.a(_aeabi_uldivmod.o)
                0x08000544                __aeabi_uldivmod
 .text          0x08000584       0x30 C:/ST/STM32CubeIDE_1.19.0/STM32CubeIDE/plugins/com.st.stm32cube.ide.mcu.externaltools.gnu-tools-for-stm32.13.3.rel1.win32_1.0.0.202411081344/tools/bin/../lib/gcc/arm-none-eabi/13.3.1/thumb/v6-m/nofp\libgcc.a(_fixunssfsi.o)
                0x08000584                __fixunssfsi
                0x08000584                __aeabi_f2uiz
 .text          0x080005b4       0x3c C:/ST/STM32CubeIDE_1.19.0/STM32CubeIDE/plugins/com.st.stm32cube.ide.mcu.externaltools.gnu-tools-for-stm32.13.3.rel1.win32_1.0.0.202411081344/tools/bin/../lib/gcc/arm-none-eabi/13.3.1/thumb/v6-m/nofp\libgcc.a(_fixunsdfsi.o)
                0x080005b4                __aeabi_d2uiz
                0x080005b4                __fixunsdfsi
 .text          0x080005f0       0x38 C:/ST/STM32CubeIDE_1.19.0/STM32CubeIDE/plugins/com.st.stm32cube.ide.mcu.externaltools.gnu-tools-for-stm32.13.3.rel1.win32_1.0.0.202411081344/tools/bin/../lib/gcc/arm-none-eabi/13.3.1/thumb/v6-m/nofp\libgcc.a(_fixdfdi.o)
                0x080005f0                __fixdfdi
                0x080005f0                __aeabi_d2lz
 .text          0x08000628       0x3c C:/ST/STM32CubeIDE_1.19.0/STM32CubeIDE/plugins/com.st.stm32cube.ide.mcu.externaltools.gnu-tools-for-stm32.13.3.rel1.win32_1.0.0.202411081344/tools/bin/../lib/gcc/arm-none-eabi/13.3.1/thumb/v6-m/nofp\libgcc.a(_fixunsdfdi.o)
                0x08000628                __fixunsdfdi
                0x08000628                __aeabi_d2ulz
 .text          0x08000664       0x2c C:/ST/STM32CubeIDE_1.19.0/STM32CubeIDE/plugins/com.st.stm32cube.ide.mcu.externaltools.gnu-tools-for-stm32.13.3.rel1.win32_1.0.0.202411081344/tools/bin/../lib/gcc/arm-none-eabi/13.3.1/thumb/v6-m/nofp\libgcc.a(_floatdidf.o)
                0x08000664                __aeabi_l2d
                0x08000664                __floatdidf
 .text          0x08000690      0x198 C:/ST/STM32CubeIDE_1.19.0/STM32CubeIDE/plugins/com.st.stm32cube.ide.mcu.externaltools.gnu-tools-for-stm32.13.3.rel1.win32_1.0.0.202411081344/tools/bin/../lib/gcc/arm-none-eabi/13.3.1/thumb/v6-m/nofp\libgcc.a(_udivmoddi4.o)
                0x08000690                __udivmoddi4
 .text          0x08000828      0x3e4 C:/ST/STM32CubeIDE_1.19.0/STM32CubeIDE/plugins/com.st.stm32cube.ide.mcu.externaltools.gnu-tools-for-stm32.13.3.rel1.win32_1.0.0.202411081344/tools/bin/../lib/gcc/arm-none-eabi/13.3.1/thumb/v6-m/nofp\libgcc.a(addsf3.o)
                0x08000828                __aeabi_fadd
 .text          0x08000c0c      0x22c C:/ST/STM32CubeIDE_1.19.0/STM32CubeIDE/plugins/com.st.stm32cube.ide.mcu.externaltools.gnu-tools-for-stm32.13.3.rel1.win32_1.0.0.202411081344/tools/bin/../lib/gcc/arm-none-eabi/13.3.1/thumb/v6-m/nofp\libgcc.a(divsf3.o)
                0x08000c0c                __aeabi_fdiv
 .text          0x08000e38       0x50 C:/ST/STM32CubeIDE_1.19.0/STM32CubeIDE/plugins/com.st.stm32cube.ide.mcu.externaltools.gnu-tools-for-stm32.13.3.rel1.win32_1.0.0.202411081344/tools/bin/../lib/gcc/arm-none-eabi/13.3.1/thumb/v6-m/nofp\libgcc.a(eqsf2.o)
                0x08000e38                __eqsf2
                0x08000e38                __nesf2
 .text          0x08000e88       0x90 C:/ST/STM32CubeIDE_1.19.0/STM32CubeIDE/plugins/com.st.stm32cube.ide.mcu.externaltools.gnu-tools-for-stm32.13.3.rel1.win32_1.0.0.202411081344/tools/bin/../lib/gcc/arm-none-eabi/13.3.1/thumb/v6-m/nofp\libgcc.a(gesf2.o)
                0x08000e88                __gesf2
                0x08000e88                __gtsf2
 .text          0x08000f18       0x90 C:/ST/STM32CubeIDE_1.19.0/STM32CubeIDE/plugins/com.st.stm32cube.ide.mcu.externaltools.gnu-tools-for-stm32.13.3.rel1.win32_1.0.0.202411081344/tools/bin/../lib/gcc/arm-none-eabi/13.3.1/thumb/v6-m/nofp\libgcc.a(lesf2.o)
                0x08000f18                __ltsf2
                0x08000f18                __lesf2
 .text          0x08000fa8      0x2b4 C:/ST/STM32CubeIDE_1.19.0/STM32CubeIDE/plugins/com.st.stm32cube.ide.mcu.externaltools.gnu-tools-for-stm32.13.3.rel1.win32_1.0.0.202411081344/tools/bin/../lib/gcc/arm-none-eabi/13.3.1/thumb/v6-m/nofp\libgcc.a(mulsf3.o)
                0x08000fa8                __aeabi_fmul
 .text          0x0800125c      0x4c8 C:/ST/STM32CubeIDE_1.19.0/STM32CubeIDE/plugins/com.st.stm32cube.ide.mcu.externaltools.gnu-tools-for-stm32.13.3.rel1.win32_1.0.0.202411081344/tools/bin/../lib/gcc/arm-none-eabi/13.3.1/thumb/v6-m/nofp\libgcc.a(subsf3.o)
                0x0800125c                __aeabi_fsub
 .text          0x08001724       0x40 C:/ST/STM32CubeIDE_1.19.0/STM32CubeIDE/plugins/com.st.stm32cube.ide.mcu.externaltools.gnu-tools-for-stm32.13.3.rel1.win32_1.0.0.202411081344/tools/bin/../lib/gcc/arm-none-eabi/13.3.1/thumb/v6-m/nofp\libgcc.a(fixsfsi.o)
                0x08001724                __aeabi_f2iz
 .text          0x08001764       0xa0 C:/ST/STM32CubeIDE_1.19.0/STM32CubeIDE/plugins/com.st.stm32cube.ide.mcu.externaltools.gnu-tools-for-stm32.13.3.rel1.win32_1.0.0.202411081344/tools/bin/../lib/gcc/arm-none-eabi/13.3.1/thumb/v6-m/nofp\libgcc.a(floatsisf.o)
                0x08001764                __aeabi_i2f
 .text          0x08001804       0x8c C:/ST/STM32CubeIDE_1.19.0/STM32CubeIDE/plugins/com.st.stm32cube.ide.mcu.externaltools.gnu-tools-for-stm32.13.3.rel1.win32_1.0.0.202411081344/tools/bin/../lib/gcc/arm-none-eabi/13.3.1/thumb/v6-m/nofp\libgcc.a(floatunsisf.o)
                0x08001804                __aeabi_ui2f
 .text          0x08001890      0x78c C:/ST/STM32CubeIDE_1.19.0/STM32CubeIDE/plugins/com.st.stm32cube.ide.mcu.externaltools.gnu-tools-for-stm32.13.3.rel1.win32_1.0.0.202411081344/tools/bin/../lib/gcc/arm-none-eabi/13.3.1/thumb/v6-m/nofp\libgcc.a(adddf3.o)
                0x08001890                __aeabi_dadd
 .text          0x0800201c      0x630 C:/ST/STM32CubeIDE_1.19.0/STM32CubeIDE/plugins/com.st.stm32cube.ide.mcu.externaltools.gnu-tools-for-stm32.13.3.rel1.win32_1.0.0.202411081344/tools/bin/../lib/gcc/arm-none-eabi/13.3.1/thumb/v6-m/nofp\libgcc.a(divdf3.o)
                0x0800201c                __aeabi_ddiv
 .text          0x0800264c       0x88 C:/ST/STM32CubeIDE_1.19.0/STM32CubeIDE/plugins/com.st.stm32cube.ide.mcu.externaltools.gnu-tools-for-stm32.13.3.rel1.win32_1.0.0.202411081344/tools/bin/../lib/gcc/arm-none-eabi/13.3.1/thumb/v6-m/nofp\libgcc.a(eqdf2.o)
                0x0800264c                __nedf2
                0x0800264c                __eqdf2
 .text          0x080026d4       0xe0 C:/ST/STM32CubeIDE_1.19.0/STM32CubeIDE/plugins/com.st.stm32cube.ide.mcu.externaltools.gnu-tools-for-stm32.13.3.rel1.win32_1.0.0.202411081344/tools/bin/../lib/gcc/arm-none-eabi/13.3.1/thumb/v6-m/nofp\libgcc.a(gedf2.o)
                0x080026d4                __gedf2
                0x080026d4                __gtdf2
 .text          0x080027b4       0xdc C:/ST/STM32CubeIDE_1.19.0/STM32CubeIDE/plugins/com.st.stm32cube.ide.mcu.externaltools.gnu-tools-for-stm32.13.3.rel1.win32_1.0.0.202411081344/tools/bin/../lib/gcc/arm-none-eabi/13.3.1/thumb/v6-m/nofp\libgcc.a(ledf2.o)
                0x080027b4                __ledf2
                0x080027b4                __ltdf2
 .text          0x08002890      0x5cc C:/ST/STM32CubeIDE_1.19.0/STM32CubeIDE/plugins/com.st.stm32cube.ide.mcu.externaltools.gnu-tools-for-stm32.13.3.rel1.win32_1.0.0.202411081344/tools/bin/../lib/gcc/arm-none-eabi/13.3.1/thumb/v6-m/nofp\libgcc.a(muldf3.o)
                0x08002890                __aeabi_dmul
 .text          0x08002e5c      0x814 C:/ST/STM32CubeIDE_1.19.0/STM32CubeIDE/plugins/com.st.stm32cube.ide.mcu.externaltools.gnu-tools-for-stm32.13.3.rel1.win32_1.0.0.202411081344/tools/bin/../lib/gcc/arm-none-eabi/13.3.1/thumb/v6-m/nofp\libgcc.a(subdf3.o)
                0x08002e5c                __aeabi_dsub
 .text          0x08003670       0x44 C:/ST/STM32CubeIDE_1.19.0/STM32CubeIDE/plugins/com.st.stm32cube.ide.mcu.externaltools.gnu-tools-for-stm32.13.3.rel1.win32_1.0.0.202411081344/tools/bin/../lib/gcc/arm-none-eabi/13.3.1/thumb/v6-m/nofp\libgcc.a(unorddf2.o)
                0x08003670                __aeabi_dcmpun
 .text          0x080036b4       0x78 C:/ST/STM32CubeIDE_1.19.0/STM32CubeIDE/plugins/com.st.stm32cube.ide.mcu.externaltools.gnu-tools-for-stm32.13.3.rel1.win32_1.0.0.202411081344/tools/bin/../lib/gcc/arm-none-eabi/13.3.1/thumb/v6-m/nofp\libgcc.a(fixdfsi.o)
                0x080036b4                __aeabi_d2iz
 .text          0x0800372c       0x5c C:/ST/STM32CubeIDE_1.19.0/STM32CubeIDE/plugins/com.st.stm32cube.ide.mcu.externaltools.gnu-tools-for-stm32.13.3.rel1.win32_1.0.0.202411081344/tools/bin/../lib/gcc/arm-none-eabi/13.3.1/thumb/v6-m/nofp\libgcc.a(floatsidf.o)
                0x0800372c                __aeabi_i2d
 .text          0x08003788       0x48 C:/ST/STM32CubeIDE_1.19.0/STM32CubeIDE/plugins/com.st.stm32cube.ide.mcu.externaltools.gnu-tools-for-stm32.13.3.rel1.win32_1.0.0.202411081344/tools/bin/../lib/gcc/arm-none-eabi/13.3.1/thumb/v6-m/nofp\libgcc.a(floatunsidf.o)
                0x08003788                __aeabi_ui2d
 .text          0x080037d0       0x90 C:/ST/STM32CubeIDE_1.19.0/STM32CubeIDE/plugins/com.st.stm32cube.ide.mcu.externaltools.gnu-tools-for-stm32.13.3.rel1.win32_1.0.0.202411081344/tools/bin/../lib/gcc/arm-none-eabi/13.3.1/thumb/v6-m/nofp\libgcc.a(extendsfdf2.o)
                0x080037d0                __aeabi_f2d
 .text          0x08003860      0x104 C:/ST/STM32CubeIDE_1.19.0/STM32CubeIDE/plugins/com.st.stm32cube.ide.mcu.externaltools.gnu-tools-for-stm32.13.3.rel1.win32_1.0.0.202411081344/tools/bin/../lib/gcc/arm-none-eabi/13.3.1/thumb/v6-m/nofp\libgcc.a(truncdfsf2.o)
                0x08003860                __aeabi_d2f
 .text          0x08003964       0x3c C:/ST/STM32CubeIDE_1.19.0/STM32CubeIDE/plugins/com.st.stm32cube.ide.mcu.externaltools.gnu-tools-for-stm32.13.3.rel1.win32_1.0.0.202411081344/tools/bin/../lib/gcc/arm-none-eabi/13.3.1/thumb/v6-m/nofp\libgcc.a(_clzsi2.o)
                0x08003964                __clzsi2
 .text          0x080039a0       0x18 C:/ST/STM32CubeIDE_1.19.0/STM32CubeIDE/plugins/com.st.stm32cube.ide.mcu.externaltools.gnu-tools-for-stm32.13.3.rel1.win32_1.0.0.202411081344/tools/bin/../lib/gcc/arm-none-eabi/13.3.1/thumb/v6-m/nofp\libgcc.a(_clzdi2.o)
                0x080039a0                __clzdi2
 *(.text*)
 .text.StartLedTask
                0x080039b8       0x28 ./Core/Src/app_freertos.o
                0x080039b8                StartLedTask
 .text.Save_Configs.part.0
                0x080039e0       0x4c ./Core/Src/app_freertos.o
 .text.Load_Configs.part.0
                0x08003a2c       0x4c ./Core/Src/app_freertos.o
 .text.SPI3_SetBaudRate
                0x08003a78       0x24 ./Core/Src/app_freertos.o
                0x08003a78                SPI3_SetBaudRate
 .text.Get_Safe_SPI_Prescaler
                0x08003a9c       0x34 ./Core/Src/app_freertos.o
                0x08003a9c                Get_Safe_SPI_Prescaler
 .text.Telemetry_SetFastTarget
                0x08003ad0      0x134 ./Core/Src/app_freertos.o
                0x08003ad0                Telemetry_SetFastTarget
 .text.Init_App_RTOS
                0x08003c04      0x1d4 ./Core/Src/app_freertos.o
                0x08003c04                Init_App_RTOS
 .text.USB_Printf
                0x08003dd8       0x44 ./Core/Src/app_freertos.o
                0x08003dd8                USB_Printf
 .text.StartUsbTask
                0x08003e1c      0x168 ./Core/Src/app_freertos.o
                0x08003e1c                StartUsbTask
 .text.Save_Configs
                0x08003f84       0x14 ./Core/Src/app_freertos.o
                0x08003f84                Save_Configs
 .text.Load_Configs
                0x08003f98       0x14 ./Core/Src/app_freertos.o
                0x08003f98                Load_Configs
 .text.StartTelemetryTask
                0x08003fac      0x4f0 ./Core/Src/app_freertos.o
                0x08003fac                StartTelemetryTask
 .text.Apply_Slot_Clock
                0x0800449c       0xb4 ./Core/Src/app_freertos.o
                0x0800449c                Apply_Slot_Clock
 .text.StartFpgaTask
                0x08004550      0x1d0 ./Core/Src/app_freertos.o
                0x08004550                StartFpgaTask
 .text.StartJoystickTask
                0x08004720       0xec ./Core/Src/app_freertos.o
                0x08004720                StartJoystickTask
 .text.HAL_I2C_MemTxCpltCallback
                0x0800480c       0x20 ./Core/Src/app_freertos.o
                0x0800480c                HAL_I2C_MemTxCpltCallback
 .text.HAL_I2C_MemRxCpltCallback
                0x0800482c        0x8 ./Core/Src/app_freertos.o
                0x0800482c                HAL_I2C_MemRxCpltCallback
 .text.HAL_I2C_ErrorCallback
                0x08004834        0x8 ./Core/Src/app_freertos.o
                0x08004834                HAL_I2C_ErrorCallback
 .text.BatterySOC_Init
                0x0800483c       0x30 ./Core/Src/battery_soc.o
                0x0800483c                BatterySOC_Init
 .text.BatterySOC_Update
                0x0800486c      0x1a4 ./Core/Src/battery_soc.o
                0x0800486c                BatterySOC_Update
 .text.bq_update_bits
                0x08004a10       0x84 ./Core/Src/bq25798.o
 .text.bq_write_word.isra.0
                0x08004a94       0x44 ./Core/Src/bq25798.o
 .text.bq_write_byte.isra.0
                0x08004ad8       0x44 ./Core/Src/bq25798.o
 .text.BQ25798_ReadAll
                0x08004b1c      0x264 ./Core/Src/bq25798.o
                0x08004b1c                BQ25798_ReadAll
 .text.BQ25798_GetJson
                0x08004d80       0x78 ./Core/Src/bq25798.o
                0x08004d80                BQ25798_GetJson
 .text.BQ25798_DumpRegisters
                0x08004df8       0xd0 ./Core/Src/bq25798.o
                0x08004df8                BQ25798_DumpRegisters
 .text.BQ25798_SetChargeCurrent
                0x08004ec8       0x12 ./Core/Src/bq25798.o
                0x08004ec8                BQ25798_SetChargeCurrent
 .text.BQ25798_SetInputCurrent
                0x08004eda       0x12 ./Core/Src/bq25798.o
                0x08004eda                BQ25798_SetInputCurrent
 .text.BQ25798_Init
                0x08004eec       0x50 ./Core/Src/bq25798.o
                0x08004eec                BQ25798_Init
 .text.BQ25798_SetChargeVoltage
                0x08004f3c       0x12 ./Core/Src/bq25798.o
                0x08004f3c                BQ25798_SetChargeVoltage
 .text.BQ25798_SetInputVoltageLimit
                0x08004f4e       0x12 ./Core/Src/bq25798.o
                0x08004f4e                BQ25798_SetInputVoltageLimit
 .text.BQ25798_SetTermCurrent
                0x08004f60       0x14 ./Core/Src/bq25798.o
                0x08004f60                BQ25798_SetTermCurrent
 .text.BQ25798_SetMinSystemVoltage
                0x08004f74       0x2c ./Core/Src/bq25798.o
                0x08004f74                BQ25798_SetMinSystemVoltage
 .text.BQ25798_SetBatteryProfile
                0x08004fa0       0x22 ./Core/Src/bq25798.o
                0x08004fa0                BQ25798_SetBatteryProfile
 *fill*         0x08004fc2        0x2 
 .text.BQ25798_SetOTGVoltage
                0x08004fc4       0x34 ./Core/Src/bq25798.o
                0x08004fc4                BQ25798_SetOTGVoltage
 .text.BQ25798_SetOTGCurrent
                0x08004ff8       0x20 ./Core/Src/bq25798.o
                0x08004ff8                BQ25798_SetOTGCurrent
 .text.BQ25798_AdjustVOTG
                0x08005018       0x7c ./Core/Src/bq25798.o
                0x08005018                BQ25798_AdjustVOTG
 .text.BQ25798_SetChargeEnable
                0x08005094       0x12 ./Core/Src/bq25798.o
                0x08005094                BQ25798_SetChargeEnable
 .text.BQ25798_SetHiZ
                0x080050a6       0x12 ./Core/Src/bq25798.o
                0x080050a6                BQ25798_SetHiZ
 .text.BQ25798_SetOTG
                0x080050b8       0x12 ./Core/Src/bq25798.o
                0x080050b8                BQ25798_SetOTG
 .text.BQ25798_SetInputDisconnect
                0x080050ca       0x12 ./Core/Src/bq25798.o
                0x080050ca                BQ25798_SetInputDisconnect
 .text.BQ25798_SetShipMode
                0x080050dc       0x10 ./Core/Src/bq25798.o
                0x080050dc                BQ25798_SetShipMode
 .text.BQ25798_EnableBackup5V5
                0x080050ec       0x34 ./Core/Src/bq25798.o
                0x080050ec                BQ25798_EnableBackup5V5
 .text.BQ25798_SetBackup
                0x08005120       0x12 ./Core/Src/bq25798.o
                0x08005120                BQ25798_SetBackup
 .text.BQ25798_SetBackupACFET
                0x08005132       0x12 ./Core/Src/bq25798.o
                0x08005132                BQ25798_SetBackupACFET
 .text.BQ25798_SetAutoRearm
                0x08005144        0xc ./Core/Src/bq25798.o
                0x08005144                BQ25798_SetAutoRearm
 .text.BQ25798_ToggleAutoRearm
                0x08005150       0x10 ./Core/Src/bq25798.o
                0x08005150                BQ25798_ToggleAutoRearm
 .text.BQ25798_RearmBackup
                0x08005160       0xa0 ./Core/Src/bq25798.o
                0x08005160                BQ25798_RearmBackup
 .text.BQ25798_SetPFM_FWD
                0x08005200       0x12 ./Core/Src/bq25798.o
                0x08005200                BQ25798_SetPFM_FWD
 .text.BQ25798_SetPFM_OTG
                0x08005212       0x12 ./Core/Src/bq25798.o
                0x08005212                BQ25798_SetPFM_OTG
 .text.BQ25798_TogglePFM
                0x08005224       0x60 ./Core/Src/bq25798.o
                0x08005224                BQ25798_TogglePFM
 .text.BQ25798_SetWatchdog
                0x08005284       0x14 ./Core/Src/bq25798.o
                0x08005284                BQ25798_SetWatchdog
 .text.BQ25798_ForceDetection
                0x08005298       0x18 ./Core/Src/bq25798.o
                0x08005298                BQ25798_ForceDetection
 .text.BQ25798_SetADCResolution
                0x080052b0       0x20 ./Core/Src/bq25798.o
                0x080052b0                BQ25798_SetADCResolution
 .text.BQ25798_SetEMA
                0x080052d0       0x34 ./Core/Src/bq25798.o
                0x080052d0                BQ25798_SetEMA
 .text.Diag_RunI2CBenchmark
                0x08005304       0xf8 ./Core/Src/diagnostics.o
                0x08005304                Diag_RunI2CBenchmark
 .text.Diag_RunSPIBenchmark
                0x080053fc       0xd4 ./Core/Src/diagnostics.o
                0x080053fc                Diag_RunSPIBenchmark
 .text.Diag_RunSPIBulk
                0x080054d0       0xdc ./Core/Src/diagnostics.o
                0x080054d0                Diag_RunSPIBulk
 .text.Diag_RunSDCardTest
                0x080055ac      0x114 ./Core/Src/diagnostics.o
                0x080055ac                Diag_RunSDCardTest
 .text.Diag_RunRawSpeedTest
                0x080056c0      0x13c ./Core/Src/diagnostics.o
                0x080056c0                Diag_RunRawSpeedTest
 .text.Diag_RunRawSectorTest
                0x080057fc       0x70 ./Core/Src/diagnostics.o
                0x080057fc                Diag_RunRawSectorTest
 .text.Diag_RunUSBReadTest
                0x0800586c       0xe0 ./Core/Src/diagnostics.o
                0x0800586c                Diag_RunUSBReadTest
 .text.Error_Raise
                0x0800594c       0x94 ./Core/Src/error_manager.o
                0x0800594c                Error_Raise
 .text.HAL_SPI_TxCpltCallback
                0x080059e0       0x20 ./Core/Src/fpga.o
                0x080059e0                HAL_SPI_TxCpltCallback
 .text.HAL_SPI_TxRxCpltCallback
                0x08005a00        0x8 ./Core/Src/fpga.o
                0x08005a00                HAL_SPI_TxRxCpltCallback
 .text.FPGA_Program_Slot
                0x08005a08      0x1b8 ./Core/Src/fpga.o
                0x08005a08                FPGA_Program_Slot
 .text.FPGA_PowerDown
                0x08005bc0       0x2c ./Core/Src/fpga.o
                0x08005bc0                FPGA_PowerDown
 .text.Frontend_DiskWriteTask
                0x08005bec       0x54 ./Core/Src/frontend_api.o
                0x08005bec                Frontend_DiskWriteTask
 .text.Cmd_SPI  0x08005c40      0x1bc ./Core/Src/frontend_api.o
 .text.Cmd_EXT  0x08005dfc       0xec ./Core/Src/frontend_api.o
 .text.Cmd_MEM  0x08005ee8       0x80 ./Core/Src/frontend_api.o
 .text.Cmd_IO   0x08005f68       0xbc ./Core/Src/frontend_api.o
 .text.Cmd_BQ   0x08006024      0x2a8 ./Core/Src/frontend_api.o
 .text.Cmd_TELEM
                0x080062cc       0xb4 ./Core/Src/frontend_api.o
 .text.Cmd_LED  0x08006380       0xa0 ./Core/Src/frontend_api.o
 .text.Cmd_ADC  0x08006420       0x68 ./Core/Src/frontend_api.o
 .text.Cmd_BENCHMARK
                0x08006488       0xd8 ./Core/Src/frontend_api.o
 .text.Cmd_PINMUX
                0x08006560       0x48 ./Core/Src/frontend_api.o
 .text.Cmd_UART
                0x080065a8       0x44 ./Core/Src/frontend_api.o
 .text.Cmd_GET_SLOT
                0x080065ec       0x50 ./Core/Src/frontend_api.o
 .text.Cmd_SETCLK
                0x0800663c       0x54 ./Core/Src/frontend_api.o
 .text.Cmd_READ_TEST.part.0
                0x08006690       0x14 ./Core/Src/frontend_api.o
 .text.Cmd_READ_TEST
                0x080066a4       0x1c ./Core/Src/frontend_api.o
 .text.Cmd_SCAN
                0x080066c0       0x5c ./Core/Src/frontend_api.o
 .text.Cmd_SECTOR_TEST
                0x0800671c       0x1c ./Core/Src/frontend_api.o
 .text.Cmd_RAW_TEST
                0x08006738       0x1c ./Core/Src/frontend_api.o
 .text.Cmd_SD_TEST
                0x08006754       0x1c ./Core/Src/frontend_api.o
 .text.Cmd_START
                0x08006770      0x120 ./Core/Src/frontend_api.o
 .text.Cmd_SYS  0x08006890      0x340 ./Core/Src/frontend_api.o
 .text.Cmd_DELAY
                0x08006bd0       0x12 ./Core/Src/frontend_api.o
 *fill*         0x08006be2        0x2 
 .text.Frontend_Init
                0x08006be4       0x68 ./Core/Src/frontend_api.o
                0x08006be4                Frontend_Init
 .text.Frontend_ExecuteCommand
                0x08006c4c       0x70 ./Core/Src/frontend_api.o
                0x08006c4c                Frontend_ExecuteCommand
 .text.Cmd_MACRO.part.0
                0x08006cbc       0x9c ./Core/Src/frontend_api.o
 .text.Cmd_MACRO
                0x08006d58       0x20 ./Core/Src/frontend_api.o
 .text.Frontend_ProcessBlock
                0x08006d78      0x1ec ./Core/Src/frontend_api.o
                0x08006d78                Frontend_ProcessBlock
 .text.Frontend_CheckTimeout
                0x08006f64       0x68 ./Core/Src/frontend_api.o
                0x08006f64                Frontend_CheckTimeout
 .text.Joystick_Init
                0x08006fcc        0xc ./Core/Src/joystick.o
                0x08006fcc                Joystick_Init
 .text.Joystick_SetMap
                0x08006fd8       0x10 ./Core/Src/joystick.o
                0x08006fd8                Joystick_SetMap
 .text.Joystick_GetMap
                0x08006fe8       0x24 ./Core/Src/joystick.o
                0x08006fe8                Joystick_GetMap
 .text.Joystick_Process
                0x0800700c       0xfc ./Core/Src/joystick.o
                0x0800700c                Joystick_Process
 .text.LED_Init
                0x08007108       0x14 ./Core/Src/led_manager.o
                0x08007108                LED_Init
 .text.LED_SetLimits
                0x0800711c       0x24 ./Core/Src/led_manager.o
                0x0800711c                LED_SetLimits
 .text.LED_SetMute
                0x08007140       0x20 ./Core/Src/led_manager.o
                0x08007140                LED_SetMute
 .text.LED_ToggleHeartbeat
                0x08007160       0x10 ./Core/Src/led_manager.o
                0x08007160                LED_ToggleHeartbeat
 .text.LED_SetFpgaReady
                0x08007170        0xc ./Core/Src/led_manager.o
                0x08007170                LED_SetFpgaReady
 .text.LED_SetOverride
                0x0800717c        0xc ./Core/Src/led_manager.o
                0x0800717c                LED_SetOverride
 .text.LED_PWM_Tick
                0x08007188       0xc8 ./Core/Src/led_manager.o
                0x08007188                LED_PWM_Tick
 .text.LED_GetStatus
                0x08007250       0x2c ./Core/Src/led_manager.o
                0x08007250                LED_GetStatus
 .text.MX_SPI2_Init
                0x0800727c       0x50 ./Core/Src/main.o
 .text.MX_SPI3_Init
                0x080072cc       0x50 ./Core/Src/main.o
 .text.StartDefaultTask
                0x0800731c        0xe ./Core/Src/main.o
                0x0800731c                StartDefaultTask
 *fill*         0x0800732a        0x2 
 .text.SystemClock_Config
                0x0800732c       0xc0 ./Core/Src/main.o
                0x0800732c                SystemClock_Config
 .text.startup.main
                0x080073ec      0x564 ./Core/Src/main.o
                0x080073ec                main
 .text.HAL_TIM_PeriodElapsedCallback
                0x08007950       0x28 ./Core/Src/main.o
                0x08007950                HAL_TIM_PeriodElapsedCallback
 .text.Error_Handler
                0x08007978        0x4 ./Core/Src/main.o
                0x08007978                Error_Handler
 .text.OTA_Printf
                0x0800797c       0x48 ./Core/Src/ota.o
                0x0800797c                OTA_Printf
 .text.OTA_Update_From_SD
                0x080079c4      0x238 ./Core/Src/ota.o
                0x080079c4                OTA_Update_From_SD
 .text.GetPinIndex
                0x08007bfc       0x28 ./Core/Src/pinmux.o
 .text.GPIO_Toggle_Callback
                0x08007c24        0xc ./Core/Src/pinmux.o
 .text.Pinmux_SetPin
                0x08007c30      0x2a4 ./Core/Src/pinmux.o
                0x08007c30                Pinmux_SetPin
 .text.Pinmux_GetInputTelemetryJson
                0x08007ed4       0x7c ./Core/Src/pinmux.o
                0x08007ed4                Pinmux_GetInputTelemetryJson
 .text.EXT_UART_Tx
                0x08007f50       0x38 ./Core/Src/pinmux.o
                0x08007f50                EXT_UART_Tx
 .text.EXT_I2C_Write
                0x08007f88       0x44 ./Core/Src/pinmux.o
                0x08007f88                EXT_I2C_Write
 .text.EXT_GPIO_Write
                0x08007fcc       0xac ./Core/Src/pinmux.o
                0x08007fcc                EXT_GPIO_Write
 .text.EXT_ADC_Read
                0x08008078       0x98 ./Core/Src/pinmux.o
                0x08008078                EXT_ADC_Read
 .text.EXT_GPIO_Toggle
                0x08008110       0xc0 ./Core/Src/pinmux.o
                0x08008110                EXT_GPIO_Toggle
 .text.Write16  0x080081d0       0x48 ./Core/Src/powerMonitor.o
 .text.Read16   0x08008218       0x50 ./Core/Src/powerMonitor.o
 .text.PowerMonitor_Init
                0x08008268       0x70 ./Core/Src/powerMonitor.o
                0x08008268                PowerMonitor_Init
 .text.PowerMonitor_Read
                0x080082d8       0x94 ./Core/Src/powerMonitor.o
                0x080082d8                PowerMonitor_Read
 .text.PowerMonitor_SetPGA
                0x0800836c       0x34 ./Core/Src/powerMonitor.o
                0x0800836c                PowerMonitor_SetPGA
 .text.PowerMonitor_AutoScale
                0x080083a0       0xe0 ./Core/Src/powerMonitor.o
                0x080083a0                PowerMonitor_AutoScale
 .text.PowerMonitor_SetFastMode
                0x08008480       0x3c ./Core/Src/powerMonitor.o
                0x08008480                PowerMonitor_SetFastMode
 .text.PowerMonitor_SetSleep
                0x080084bc       0x34 ./Core/Src/powerMonitor.o
                0x080084bc                PowerMonitor_SetSleep
 .text.PowerMonitor_TriggerSingleShot
                0x080084f0       0x2a ./Core/Src/powerMonitor.o
                0x080084f0                PowerMonitor_TriggerSingleShot
 *fill*         0x0800851a        0x2 
 .text.HAL_MspInit
                0x0800851c       0x40 ./Core/Src/stm32g0xx_hal_msp.o
                0x0800851c                HAL_MspInit
 .text.HAL_ADC_MspInit
                0x0800855c       0x60 ./Core/Src/stm32g0xx_hal_msp.o
                0x0800855c                HAL_ADC_MspInit
 .text.HAL_I2C_MspInit
                0x080085bc      0x160 ./Core/Src/stm32g0xx_hal_msp.o
                0x080085bc                HAL_I2C_MspInit
 .text.HAL_I2C_MspDeInit
                0x0800871c       0x7c ./Core/Src/stm32g0xx_hal_msp.o
                0x0800871c                HAL_I2C_MspDeInit
 .text.HAL_SPI_MspInit
                0x08008798      0x1e0 ./Core/Src/stm32g0xx_hal_msp.o
                0x08008798                HAL_SPI_MspInit
 .text.HAL_TIM_PWM_MspInit
                0x08008978       0x4c ./Core/Src/stm32g0xx_hal_msp.o
                0x08008978                HAL_TIM_PWM_MspInit
 .text.HAL_TIM_Base_MspInit
                0x080089c4       0x38 ./Core/Src/stm32g0xx_hal_msp.o
                0x080089c4                HAL_TIM_Base_MspInit
 .text.HAL_TIM_MspPostInit
                0x080089fc       0x50 ./Core/Src/stm32g0xx_hal_msp.o
                0x080089fc                HAL_TIM_MspPostInit
 .text.HAL_UART_MspInit
                0x08008a4c       0x80 ./Core/Src/stm32g0xx_hal_msp.o
                0x08008a4c                HAL_UART_MspInit
 .text.HAL_InitTick
                0x08008acc       0x9c ./Core/Src/stm32g0xx_hal_timebase_tim.o
                0x08008acc                HAL_InitTick
 .text.NMI_Handler
                0x08008b68        0x2 ./Core/Src/stm32g0xx_it.o
                0x08008b68                NMI_Handler
 *fill*         0x08008b6a        0x2 
 .text.HardFault_Handler
                0x08008b6c       0x60 ./Core/Src/stm32g0xx_it.o
                0x08008b6c                HardFault_Handler
 .text.USB_UCPD1_2_IRQHandler
                0x08008bcc       0x10 ./Core/Src/stm32g0xx_it.o
                0x08008bcc                USB_UCPD1_2_IRQHandler
 .text.DMA1_Channel1_IRQHandler
                0x08008bdc       0x10 ./Core/Src/stm32g0xx_it.o
                0x08008bdc                DMA1_Channel1_IRQHandler
 .text.DMA1_Channel2_3_IRQHandler
                0x08008bec       0x18 ./Core/Src/stm32g0xx_it.o
                0x08008bec                DMA1_Channel2_3_IRQHandler
 .text.DMA1_Ch4_7_DMA2_Ch1_5_DMAMUX1_OVR_IRQHandler
                0x08008c04       0x24 ./Core/Src/stm32g0xx_it.o
                0x08008c04                DMA1_Ch4_7_DMA2_Ch1_5_DMAMUX1_OVR_IRQHandler
 .text.TIM6_DAC_LPTIM1_IRQHandler
                0x08008c28       0x10 ./Core/Src/stm32g0xx_it.o
                0x08008c28                TIM6_DAC_LPTIM1_IRQHandler
 .text.TIM7_LPTIM2_IRQHandler
                0x08008c38       0x10 ./Core/Src/stm32g0xx_it.o
                0x08008c38                TIM7_LPTIM2_IRQHandler
 .text.I2C1_IRQHandler
                0x08008c48       0x20 ./Core/Src/stm32g0xx_it.o
                0x08008c48                I2C1_IRQHandler
 .text.SPI2_3_IRQHandler
                0x08008c68       0x18 ./Core/Src/stm32g0xx_it.o
                0x08008c68                SPI2_3_IRQHandler
 .text.SysPower_IsSleeping
                0x08008c80        0xc ./Core/Src/sys_power.o
                0x08008c80                SysPower_IsSleeping
 .text.SysPower_EnterSleep
                0x08008c8c       0x90 ./Core/Src/sys_power.o
                0x08008c8c                SysPower_EnterSleep
 .text.SysPower_Wake
                0x08008d1c       0xa8 ./Core/Src/sys_power.o
                0x08008d1c                SysPower_Wake
 .text._getpid  0x08008dc4        0x4 ./Core/Src/syscalls.o
                0x08008dc4                _getpid
 .text._kill    0x08008dc8       0x10 ./Core/Src/syscalls.o
                0x08008dc8                _kill
 .text._exit    0x08008dd8        0xc ./Core/Src/syscalls.o
                0x08008dd8                _exit
 .text._read    0x08008de4       0x1a ./Core/Src/syscalls.o
                0x08008de4                _read
 .text._write   0x08008dfe       0x1a ./Core/Src/syscalls.o
                0x08008dfe                _write
 .text._close   0x08008e18        0x6 ./Core/Src/syscalls.o
                0x08008e18                _close
 .text._fstat   0x08008e1e        0xa ./Core/Src/syscalls.o
                0x08008e1e                _fstat
 .text._isatty  0x08008e28        0x4 ./Core/Src/syscalls.o
                0x08008e28                _isatty
 .text._lseek   0x08008e2c        0x4 ./Core/Src/syscalls.o
                0x08008e2c                _lseek
 .text._sbrk    0x08008e30       0x40 ./Core/Src/sysmem.o
                0x08008e30                _sbrk
 .text.SystemInit
                0x08008e70        0x2 ./Core/Src/system_stm32g0xx.o
                0x08008e70                SystemInit
 *fill*         0x08008e72        0x2 
 .text.xchg_spi
                0x08008e74       0x28 ./Core/Src/user_diskio_spi.o
 .text.despiselect
                0x08008e9c       0x16 ./Core/Src/user_diskio_spi.o
 .text.safe_delay.constprop.0
                0x08008eb2       0x1a ./Core/Src/user_diskio_spi.o
 .text.wait_ready.constprop.0
                0x08008ecc       0x44 ./Core/Src/user_diskio_spi.o
 .text.spiselect
                0x08008f10       0x28 ./Core/Src/user_diskio_spi.o
 .text.send_cmd
                0x08008f38       0x88 ./Core/Src/user_diskio_spi.o
 .text.xmit_datablock
                0x08008fc0       0xc0 ./Core/Src/user_diskio_spi.o
 .text.rcvr_datablock
                0x08009080      0x100 ./Core/Src/user_diskio_spi.o
 .text.Init_SPI_DMA_Semaphore
                0x08009180       0x34 ./Core/Src/user_diskio_spi.o
                0x08009180                Init_SPI_DMA_Semaphore
 .text.USER_SPI_initialize
                0x080091b4      0x178 ./Core/Src/user_diskio_spi.o
                0x080091b4                USER_SPI_initialize
 .text.USER_SPI_status
                0x0800932c       0x14 ./Core/Src/user_diskio_spi.o
                0x0800932c                USER_SPI_status
 .text.USER_SPI_read
                0x08009340       0x88 ./Core/Src/user_diskio_spi.o
                0x08009340                USER_SPI_read
 .text.USER_SPI_write
                0x080093c8       0xa4 ./Core/Src/user_diskio_spi.o
                0x080093c8                USER_SPI_write
 .text.USER_SPI_ioctl
                0x0800946c      0x158 ./Core/Src/user_diskio_spi.o
                0x0800946c                USER_SPI_ioctl
 .text.Reset_Handler
                0x080095c4       0x50 ./Core/Startup/startup_stm32g0b1ceux.o
                0x080095c4                Reset_Handler
 .text.Default_Handler
                0x08009614        0x2 ./Core/Startup/startup_stm32g0b1ceux.o
                0x08009614                I2C2_3_IRQHandler
                0x08009614                USART3_4_5_6_LPUART1_IRQHandler
                0x08009614                TIM1_CC_IRQHandler
                0x08009614                ADC1_COMP_IRQHandler
                0x08009614                TIM17_FDCAN_IT1_IRQHandler
                0x08009614                RCC_CRS_IRQHandler
                0x08009614                RTC_TAMP_IRQHandler
                0x08009614                SPI1_IRQHandler
                0x08009614                EXTI2_3_IRQHandler
                0x08009614                USART2_LPUART2_IRQHandler
                0x08009614                PVD_VDDIO2_IRQHandler
                0x08009614                EXTI4_15_IRQHandler
                0x08009614                Default_Handler
                0x08009614                CEC_IRQHandler
                0x08009614                TIM14_IRQHandler
                0x08009614                TIM15_IRQHandler
                0x08009614                TIM3_TIM4_IRQHandler
                0x08009614                EXTI0_1_IRQHandler
                0x08009614                WWDG_IRQHandler
                0x08009614                TIM2_IRQHandler
                0x08009614                FLASH_IRQHandler
                0x08009614                USART1_IRQHandler
                0x08009614                TIM16_FDCAN_IT0_IRQHandler
                0x08009614                TIM1_BRK_UP_TRG_COM_IRQHandler
 *fill*         0x08009616        0x2 
 .text.HAL_Init
                0x08009618       0x28 ./Drivers/STM32G0xx_HAL_Driver/Src/stm32g0xx_hal.o
                0x08009618                HAL_Init
 .text.HAL_IncTick
                0x08009640       0x18 ./Drivers/STM32G0xx_HAL_Driver/Src/stm32g0xx_hal.o
                0x08009640                HAL_IncTick
 .text.HAL_GetTick
                0x08009658        0xc ./Drivers/STM32G0xx_HAL_Driver/Src/stm32g0xx_hal.o
                0x08009658                HAL_GetTick
 .text.HAL_Delay
                0x08009664       0x24 ./Drivers/STM32G0xx_HAL_Driver/Src/stm32g0xx_hal.o
                0x08009664                HAL_Delay
 .text.HAL_SYSCFG_StrobeDBattpinsConfig
                0x08009688       0x18 ./Drivers/STM32G0xx_HAL_Driver/Src/stm32g0xx_hal.o
                0x08009688                HAL_SYSCFG_StrobeDBattpinsConfig
 .text.LL_ADC_REG_IsConversionOngoing
                0x080096a0        0x8 ./Drivers/STM32G0xx_HAL_Driver/Src/stm32g0xx_hal_adc.o
 .text.HAL_ADC_Init
                0x080096a8      0x220 ./Drivers/STM32G0xx_HAL_Driver/Src/stm32g0xx_hal_adc.o
                0x080096a8                HAL_ADC_Init
 .text.HAL_ADC_PollForConversion
                0x080098c8       0xc8 ./Drivers/STM32G0xx_HAL_Driver/Src/stm32g0xx_hal_adc.o
                0x080098c8                HAL_ADC_PollForConversion
 .text.HAL_ADC_GetValue
                0x08009990        0x6 ./Drivers/STM32G0xx_HAL_Driver/Src/stm32g0xx_hal_adc.o
                0x08009990                HAL_ADC_GetValue
 *fill*         0x08009996        0x2 
 .text.HAL_ADC_ConfigChannel
                0x08009998      0x248 ./Drivers/STM32G0xx_HAL_Driver/Src/stm32g0xx_hal_adc.o
                0x08009998                HAL_ADC_ConfigChannel
 .text.ADC_ConversionStop
                0x08009be0       0x60 ./Drivers/STM32G0xx_HAL_Driver/Src/stm32g0xx_hal_adc.o
                0x08009be0                ADC_ConversionStop
 .text.ADC_Enable
                0x08009c40       0xb8 ./Drivers/STM32G0xx_HAL_Driver/Src/stm32g0xx_hal_adc.o
                0x08009c40                ADC_Enable
 .text.HAL_ADC_Start
                0x08009cf8       0x5c ./Drivers/STM32G0xx_HAL_Driver/Src/stm32g0xx_hal_adc.o
                0x08009cf8                HAL_ADC_Start
 .text.ADC_Disable
                0x08009d54       0x78 ./Drivers/STM32G0xx_HAL_Driver/Src/stm32g0xx_hal_adc.o
                0x08009d54                ADC_Disable
 .text.HAL_ADC_Stop
                0x08009dcc       0x3c ./Drivers/STM32G0xx_HAL_Driver/Src/stm32g0xx_hal_adc.o
                0x08009dcc                HAL_ADC_Stop
 .text.HAL_NVIC_SetPriority
                0x08009e08       0x54 ./Drivers/STM32G0xx_HAL_Driver/Src/stm32g0xx_hal_cortex.o
                0x08009e08                HAL_NVIC_SetPriority
 .text.HAL_NVIC_EnableIRQ
                0x08009e5c       0x18 ./Drivers/STM32G0xx_HAL_Driver/Src/stm32g0xx_hal_cortex.o
                0x08009e5c                HAL_NVIC_EnableIRQ
 .text.HAL_NVIC_DisableIRQ
                0x08009e74       0x20 ./Drivers/STM32G0xx_HAL_Driver/Src/stm32g0xx_hal_cortex.o
                0x08009e74                HAL_NVIC_DisableIRQ
 .text.DMA_SetConfig
                0x08009e94       0x38 ./Drivers/STM32G0xx_HAL_Driver/Src/stm32g0xx_hal_dma.o
 .text.DMA_CalcDMAMUXChannelBaseAndMask
                0x08009ecc       0x4c ./Drivers/STM32G0xx_HAL_Driver/Src/stm32g0xx_hal_dma.o
 .text.HAL_DMA_Init
                0x08009f18       0xdc ./Drivers/STM32G0xx_HAL_Driver/Src/stm32g0xx_hal_dma.o
                0x08009f18                HAL_DMA_Init
 .text.HAL_DMA_DeInit
                0x08009ff4       0xa8 ./Drivers/STM32G0xx_HAL_Driver/Src/stm32g0xx_hal_dma.o
                0x08009ff4                HAL_DMA_DeInit
 .text.HAL_DMA_Start_IT
                0x0800a09c       0x90 ./Drivers/STM32G0xx_HAL_Driver/Src/stm32g0xx_hal_dma.o
                0x0800a09c                HAL_DMA_Start_IT
 .text.HAL_DMA_Abort
                0x0800a12c       0x6c ./Drivers/STM32G0xx_HAL_Driver/Src/stm32g0xx_hal_dma.o
                0x0800a12c                HAL_DMA_Abort
 .text.HAL_DMA_Abort_IT
                0x0800a198       0x6c ./Drivers/STM32G0xx_HAL_Driver/Src/stm32g0xx_hal_dma.o
                0x0800a198                HAL_DMA_Abort_IT
 .text.HAL_DMA_IRQHandler
                0x0800a204       0xb0 ./Drivers/STM32G0xx_HAL_Driver/Src/stm32g0xx_hal_dma.o
                0x0800a204                HAL_DMA_IRQHandler
 .text.HAL_DMA_GetState
                0x0800a2b4        0x8 ./Drivers/STM32G0xx_HAL_Driver/Src/stm32g0xx_hal_dma.o
                0x0800a2b4                HAL_DMA_GetState
 .text.HAL_FLASH_Unlock
                0x0800a2bc       0x24 ./Drivers/STM32G0xx_HAL_Driver/Src/stm32g0xx_hal_flash.o
                0x0800a2bc                HAL_FLASH_Unlock
 .text.HAL_FLASH_OB_Unlock
                0x0800a2e0       0x28 ./Drivers/STM32G0xx_HAL_Driver/Src/stm32g0xx_hal_flash.o
                0x0800a2e0                HAL_FLASH_OB_Unlock
 .text.HAL_FLASH_OB_Launch
                0x0800a308       0x14 ./Drivers/STM32G0xx_HAL_Driver/Src/stm32g0xx_hal_flash.o
                0x0800a308                HAL_FLASH_OB_Launch
 .text.FLASH_WaitForLastOperation
                0x0800a31c       0x70 ./Drivers/STM32G0xx_HAL_Driver/Src/stm32g0xx_hal_flash.o
                0x0800a31c                FLASH_WaitForLastOperation
 .text.HAL_FLASH_Program
                0x0800a38c       0x68 ./Drivers/STM32G0xx_HAL_Driver/Src/stm32g0xx_hal_flash.o
                0x0800a38c                HAL_FLASH_Program
 .text.HAL_FLASH_Lock
                0x0800a3f4       0x24 ./Drivers/STM32G0xx_HAL_Driver/Src/stm32g0xx_hal_flash.o
                0x0800a3f4                HAL_FLASH_Lock
 .text.FLASH_PageErase
                0x0800a418       0x34 ./Drivers/STM32G0xx_HAL_Driver/Src/stm32g0xx_hal_flash_ex.o
                0x0800a418                FLASH_PageErase
 .text.HAL_FLASHEx_Erase
                0x0800a44c       0x94 ./Drivers/STM32G0xx_HAL_Driver/Src/stm32g0xx_hal_flash_ex.o
                0x0800a44c                HAL_FLASHEx_Erase
 .text.HAL_GPIO_Init
                0x0800a4e0      0x170 ./Drivers/STM32G0xx_HAL_Driver/Src/stm32g0xx_hal_gpio.o
                0x0800a4e0                HAL_GPIO_Init
 .text.HAL_GPIO_DeInit
                0x0800a650       0xf0 ./Drivers/STM32G0xx_HAL_Driver/Src/stm32g0xx_hal_gpio.o
                0x0800a650                HAL_GPIO_DeInit
 .text.HAL_GPIO_ReadPin
                0x0800a740        0xc ./Drivers/STM32G0xx_HAL_Driver/Src/stm32g0xx_hal_gpio.o
                0x0800a740                HAL_GPIO_ReadPin
 .text.HAL_GPIO_WritePin
                0x0800a74c        0xc ./Drivers/STM32G0xx_HAL_Driver/Src/stm32g0xx_hal_gpio.o
                0x0800a74c                HAL_GPIO_WritePin
 .text.HAL_GPIO_TogglePin
                0x0800a758       0x10 ./Drivers/STM32G0xx_HAL_Driver/Src/stm32g0xx_hal_gpio.o
                0x0800a758                HAL_GPIO_TogglePin
 .text.I2C_Flush_TXDR
                0x0800a768       0x1c ./Drivers/STM32G0xx_HAL_Driver/Src/stm32g0xx_hal_i2c.o
 .text.I2C_TransferConfig
                0x0800a784       0x2c ./Drivers/STM32G0xx_HAL_Driver/Src/stm32g0xx_hal_i2c.o
 .text.I2C_Enable_IRQ
                0x0800a7b0       0x80 ./Drivers/STM32G0xx_HAL_Driver/Src/stm32g0xx_hal_i2c.o
 .text.I2C_Disable_IRQ
                0x0800a830       0x48 ./Drivers/STM32G0xx_HAL_Driver/Src/stm32g0xx_hal_i2c.o
 .text.I2C_IsErrorOccurred
                0x0800a878       0xfc ./Drivers/STM32G0xx_HAL_Driver/Src/stm32g0xx_hal_i2c.o
 .text.I2C_WaitOnTXISFlagUntilTimeout
                0x0800a974       0x5c ./Drivers/STM32G0xx_HAL_Driver/Src/stm32g0xx_hal_i2c.o
 .text.I2C_WaitOnFlagUntilTimeout
                0x0800a9d0       0x6e ./Drivers/STM32G0xx_HAL_Driver/Src/stm32g0xx_hal_i2c.o
 .text.I2C_WaitOnSTOPFlagUntilTimeout
                0x0800aa3e       0x54 ./Drivers/STM32G0xx_HAL_Driver/Src/stm32g0xx_hal_i2c.o
 *fill*         0x0800aa92        0x2 
 .text.HAL_I2C_Init
                0x0800aa94       0xbc ./Drivers/STM32G0xx_HAL_Driver/Src/stm32g0xx_hal_i2c.o
                0x0800aa94                HAL_I2C_Init
 .text.HAL_I2C_DeInit
                0x0800ab50       0x34 ./Drivers/STM32G0xx_HAL_Driver/Src/stm32g0xx_hal_i2c.o
                0x0800ab50                HAL_I2C_DeInit
 .text.HAL_I2C_Master_Transmit
                0x0800ab84      0x148 ./Drivers/STM32G0xx_HAL_Driver/Src/stm32g0xx_hal_i2c.o
                0x0800ab84                HAL_I2C_Master_Transmit
 .text.HAL_I2C_Mem_Write
                0x0800accc      0x1b4 ./Drivers/STM32G0xx_HAL_Driver/Src/stm32g0xx_hal_i2c.o
                0x0800accc                HAL_I2C_Mem_Write
 .text.HAL_I2C_Mem_Read
                0x0800ae80      0x1bc ./Drivers/STM32G0xx_HAL_Driver/Src/stm32g0xx_hal_i2c.o
                0x0800ae80                HAL_I2C_Mem_Read
 .text.HAL_I2C_Mem_Read_DMA
                0x0800b03c      0x128 ./Drivers/STM32G0xx_HAL_Driver/Src/stm32g0xx_hal_i2c.o
                0x0800b03c                HAL_I2C_Mem_Read_DMA
 .text.HAL_I2C_EV_IRQHandler
                0x0800b164       0x12 ./Drivers/STM32G0xx_HAL_Driver/Src/stm32g0xx_hal_i2c.o
                0x0800b164                HAL_I2C_EV_IRQHandler
 .text.HAL_I2C_MasterTxCpltCallback
                0x0800b176        0x2 ./Drivers/STM32G0xx_HAL_Driver/Src/stm32g0xx_hal_i2c.o
                0x0800b176                HAL_I2C_MasterTxCpltCallback
 .text.HAL_I2C_MasterRxCpltCallback
                0x0800b178        0x2 ./Drivers/STM32G0xx_HAL_Driver/Src/stm32g0xx_hal_i2c.o
                0x0800b178                HAL_I2C_MasterRxCpltCallback
 .text.I2C_ITMasterSeqCplt
                0x0800b17a       0x48 ./Drivers/STM32G0xx_HAL_Driver/Src/stm32g0xx_hal_i2c.o
 .text.HAL_I2C_SlaveTxCpltCallback
                0x0800b1c2        0x2 ./Drivers/STM32G0xx_HAL_Driver/Src/stm32g0xx_hal_i2c.o
                0x0800b1c2                HAL_I2C_SlaveTxCpltCallback
 .text.HAL_I2C_SlaveRxCpltCallback
                0x0800b1c4        0x2 ./Drivers/STM32G0xx_HAL_Driver/Src/stm32g0xx_hal_i2c.o
                0x0800b1c4                HAL_I2C_SlaveRxCpltCallback
 *fill*         0x0800b1c6        0x2 
 .text.I2C_ITSlaveSeqCplt
                0x0800b1c8       0x80 ./Drivers/STM32G0xx_HAL_Driver/Src/stm32g0xx_hal_i2c.o
 .text.HAL_I2C_AddrCallback
                0x0800b248        0x2 ./Drivers/STM32G0xx_HAL_Driver/Src/stm32g0xx_hal_i2c.o
                0x0800b248                HAL_I2C_AddrCallback
 .text.I2C_ITAddrCplt.constprop.0
                0x0800b24a       0x9a ./Drivers/STM32G0xx_HAL_Driver/Src/stm32g0xx_hal_i2c.o
 .text.HAL_I2C_ListenCpltCallback
                0x0800b2e4        0x2 ./Drivers/STM32G0xx_HAL_Driver/Src/stm32g0xx_hal_i2c.o
                0x0800b2e4                HAL_I2C_ListenCpltCallback
 *fill*         0x0800b2e6        0x2 
 .text.I2C_ITListenCplt
                0x0800b2e8       0x6c ./Drivers/STM32G0xx_HAL_Driver/Src/stm32g0xx_hal_i2c.o
 .text.HAL_I2C_AbortCpltCallback
                0x0800b354        0x2 ./Drivers/STM32G0xx_HAL_Driver/Src/stm32g0xx_hal_i2c.o
                0x0800b354                HAL_I2C_AbortCpltCallback
 .text.I2C_TreatErrorCallback
                0x0800b356       0x2a ./Drivers/STM32G0xx_HAL_Driver/Src/stm32g0xx_hal_i2c.o
 .text.I2C_ITError
                0x0800b380      0x114 ./Drivers/STM32G0xx_HAL_Driver/Src/stm32g0xx_hal_i2c.o
 .text.I2C_ITMasterCplt
                0x0800b494       0xe4 ./Drivers/STM32G0xx_HAL_Driver/Src/stm32g0xx_hal_i2c.o
 .text.I2C_Mem_ISR_DMA
                0x0800b578      0x15c ./Drivers/STM32G0xx_HAL_Driver/Src/stm32g0xx_hal_i2c.o
 .text.I2C_Master_ISR_DMA
                0x0800b6d4      0x108 ./Drivers/STM32G0xx_HAL_Driver/Src/stm32g0xx_hal_i2c.o
 .text.I2C_DMAError
                0x0800b7dc       0x18 ./Drivers/STM32G0xx_HAL_Driver/Src/stm32g0xx_hal_i2c.o
 .text.I2C_DMAMasterReceiveCplt
                0x0800b7f4       0x54 ./Drivers/STM32G0xx_HAL_Driver/Src/stm32g0xx_hal_i2c.o
 .text.HAL_I2C_ER_IRQHandler
                0x0800b848       0x58 ./Drivers/STM32G0xx_HAL_Driver/Src/stm32g0xx_hal_i2c.o
                0x0800b848                HAL_I2C_ER_IRQHandler
 .text.I2C_ITSlaveCplt.constprop.0
                0x0800b8a0      0x1c8 ./Drivers/STM32G0xx_HAL_Driver/Src/stm32g0xx_hal_i2c.o
 .text.I2C_Slave_ISR_DMA
                0x0800ba68      0x10c ./Drivers/STM32G0xx_HAL_Driver/Src/stm32g0xx_hal_i2c.o
 .text.I2C_Slave_ISR_IT
                0x0800bb74      0x11c ./Drivers/STM32G0xx_HAL_Driver/Src/stm32g0xx_hal_i2c.o
 .text.I2C_DMAAbort
                0x0800bc90       0x1e ./Drivers/STM32G0xx_HAL_Driver/Src/stm32g0xx_hal_i2c.o
 *fill*         0x0800bcae        0x2 
 .text.HAL_I2CEx_ConfigAnalogFilter
                0x0800bcb0       0x4c ./Drivers/STM32G0xx_HAL_Driver/Src/stm32g0xx_hal_i2c_ex.o
                0x0800bcb0                HAL_I2CEx_ConfigAnalogFilter
 .text.HAL_I2CEx_ConfigDigitalFilter
                0x0800bcfc       0x48 ./Drivers/STM32G0xx_HAL_Driver/Src/stm32g0xx_hal_i2c_ex.o
                0x0800bcfc                HAL_I2CEx_ConfigDigitalFilter
 .text.PCD_GET_EP_DBUF0_CNT.isra.0
                0x0800bd44       0x28 ./Drivers/STM32G0xx_HAL_Driver/Src/stm32g0xx_hal_pcd.o
 .text.PCD_GET_EP_RX_CNT.isra.0
                0x0800bd6c       0x28 ./Drivers/STM32G0xx_HAL_Driver/Src/stm32g0xx_hal_pcd.o
 .text.HAL_PCD_Init
                0x0800bd94       0xa0 ./Drivers/STM32G0xx_HAL_Driver/Src/stm32g0xx_hal_pcd.o
                0x0800bd94                HAL_PCD_Init
 .text.HAL_PCD_Start
                0x0800be34       0x26 ./Drivers/STM32G0xx_HAL_Driver/Src/stm32g0xx_hal_pcd.o
                0x0800be34                HAL_PCD_Start
 .text.HAL_PCD_SetAddress
                0x0800be5a       0x22 ./Drivers/STM32G0xx_HAL_Driver/Src/stm32g0xx_hal_pcd.o
                0x0800be5a                HAL_PCD_SetAddress
 .text.HAL_PCD_IRQHandler
                0x0800be7c      0x8cc ./Drivers/STM32G0xx_HAL_Driver/Src/stm32g0xx_hal_pcd.o
                0x0800be7c                HAL_PCD_IRQHandler
 .text.HAL_PCD_EP_Open
                0x0800c748       0x58 ./Drivers/STM32G0xx_HAL_Driver/Src/stm32g0xx_hal_pcd.o
                0x0800c748                HAL_PCD_EP_Open
 .text.HAL_PCD_EP_Close
                0x0800c7a0       0x4c ./Drivers/STM32G0xx_HAL_Driver/Src/stm32g0xx_hal_pcd.o
                0x0800c7a0                HAL_PCD_EP_Close
 .text.HAL_PCD_EP_Receive
                0x0800c7ec       0x36 ./Drivers/STM32G0xx_HAL_Driver/Src/stm32g0xx_hal_pcd.o
                0x0800c7ec                HAL_PCD_EP_Receive
 .text.HAL_PCD_EP_GetRxCount
                0x0800c822       0x10 ./Drivers/STM32G0xx_HAL_Driver/Src/stm32g0xx_hal_pcd.o
                0x0800c822                HAL_PCD_EP_GetRxCount
 .text.HAL_PCD_EP_Transmit
                0x0800c832       0x30 ./Drivers/STM32G0xx_HAL_Driver/Src/stm32g0xx_hal_pcd.o
                0x0800c832                HAL_PCD_EP_Transmit
 .text.HAL_PCD_EP_SetStall
                0x0800c862       0x5c ./Drivers/STM32G0xx_HAL_Driver/Src/stm32g0xx_hal_pcd.o
                0x0800c862                HAL_PCD_EP_SetStall
 .text.HAL_PCD_EP_ClrStall
                0x0800c8be       0x5c ./Drivers/STM32G0xx_HAL_Driver/Src/stm32g0xx_hal_pcd.o
                0x0800c8be                HAL_PCD_EP_ClrStall
 .text.HAL_PCDEx_PMAConfig
                0x0800c91a       0x30 ./Drivers/STM32G0xx_HAL_Driver/Src/stm32g0xx_hal_pcd_ex.o
                0x0800c91a                HAL_PCDEx_PMAConfig
 .text.HAL_PCDEx_ActivateLPM
                0x0800c94a       0x26 ./Drivers/STM32G0xx_HAL_Driver/Src/stm32g0xx_hal_pcd_ex.o
                0x0800c94a                HAL_PCDEx_ActivateLPM
 .text.HAL_PWR_EnableBkUpAccess
                0x0800c970       0x14 ./Drivers/STM32G0xx_HAL_Driver/Src/stm32g0xx_hal_pwr.o
                0x0800c970                HAL_PWR_EnableBkUpAccess
 .text.HAL_PWREx_EnableVddUSB
                0x0800c984       0x14 ./Drivers/STM32G0xx_HAL_Driver/Src/stm32g0xx_hal_pwr_ex.o
                0x0800c984                HAL_PWREx_EnableVddUSB
 .text.HAL_PWREx_ControlVoltageScaling
                0x0800c998       0x58 ./Drivers/STM32G0xx_HAL_Driver/Src/stm32g0xx_hal_pwr_ex.o
                0x0800c998                HAL_PWREx_ControlVoltageScaling
 .text.HAL_RCC_OscConfig
                0x0800c9f0      0x4a8 ./Drivers/STM32G0xx_HAL_Driver/Src/stm32g0xx_hal_rcc.o
                0x0800c9f0                HAL_RCC_OscConfig
 .text.HAL_RCC_MCOConfig
                0x0800ce98       0x68 ./Drivers/STM32G0xx_HAL_Driver/Src/stm32g0xx_hal_rcc.o
                0x0800ce98                HAL_RCC_MCOConfig
 .text.HAL_RCC_GetSysClockFreq
                0x0800cf00       0x88 ./Drivers/STM32G0xx_HAL_Driver/Src/stm32g0xx_hal_rcc.o
                0x0800cf00                HAL_RCC_GetSysClockFreq
 .text.HAL_RCC_ClockConfig
                0x0800cf88      0x154 ./Drivers/STM32G0xx_HAL_Driver/Src/stm32g0xx_hal_rcc.o
                0x0800cf88                HAL_RCC_ClockConfig
 .text.HAL_RCC_GetPCLK1Freq
                0x0800d0dc       0x28 ./Drivers/STM32G0xx_HAL_Driver/Src/stm32g0xx_hal_rcc.o
                0x0800d0dc                HAL_RCC_GetPCLK1Freq
 .text.HAL_RCC_GetClockConfig
                0x0800d104       0x34 ./Drivers/STM32G0xx_HAL_Driver/Src/stm32g0xx_hal_rcc.o
                0x0800d104                HAL_RCC_GetClockConfig
 .text.HAL_RCCEx_PeriphCLKConfig
                0x0800d138      0x2a4 ./Drivers/STM32G0xx_HAL_Driver/Src/stm32g0xx_hal_rcc_ex.o
                0x0800d138                HAL_RCCEx_PeriphCLKConfig
 .text.HAL_RCCEx_CRSConfig
                0x0800d3dc       0x54 ./Drivers/STM32G0xx_HAL_Driver/Src/stm32g0xx_hal_rcc_ex.o
                0x0800d3dc                HAL_RCCEx_CRSConfig
 .text.SPI_WaitFlagStateUntilTimeout.constprop.0
                0x0800d430       0xb8 ./Drivers/STM32G0xx_HAL_Driver/Src/stm32g0xx_hal_spi.o
 .text.SPI_WaitFifoStateUntilTimeout.constprop.0
                0x0800d4e8       0xd8 ./Drivers/STM32G0xx_HAL_Driver/Src/stm32g0xx_hal_spi.o
 .text.SPI_AbortRx_ISR
                0x0800d5c0       0x80 ./Drivers/STM32G0xx_HAL_Driver/Src/stm32g0xx_hal_spi.o
 .text.SPI_EndRxTransaction
                0x0800d640       0x7a ./Drivers/STM32G0xx_HAL_Driver/Src/stm32g0xx_hal_spi.o
 .text.SPI_EndRxTxTransaction
                0x0800d6ba       0x46 ./Drivers/STM32G0xx_HAL_Driver/Src/stm32g0xx_hal_spi.o
 .text.SPI_AbortTx_ISR
                0x0800d700       0xe0 ./Drivers/STM32G0xx_HAL_Driver/Src/stm32g0xx_hal_spi.o
 .text.HAL_SPI_Init
                0x0800d7e0       0xf0 ./Drivers/STM32G0xx_HAL_Driver/Src/stm32g0xx_hal_spi.o
                0x0800d7e0                HAL_SPI_Init
 .text.HAL_SPI_TransmitReceive
                0x0800d8d0      0x214 ./Drivers/STM32G0xx_HAL_Driver/Src/stm32g0xx_hal_spi.o
                0x0800d8d0                HAL_SPI_TransmitReceive
 .text.HAL_SPI_Transmit_DMA
                0x0800dae4      0x110 ./Drivers/STM32G0xx_HAL_Driver/Src/stm32g0xx_hal_spi.o
                0x0800dae4                HAL_SPI_Transmit_DMA
 .text.HAL_SPI_TransmitReceive_DMA
                0x0800dbf4      0x1ac ./Drivers/STM32G0xx_HAL_Driver/Src/stm32g0xx_hal_spi.o
                0x0800dbf4                HAL_SPI_TransmitReceive_DMA
 .text.HAL_SPI_Abort
                0x0800dda0      0x184 ./Drivers/STM32G0xx_HAL_Driver/Src/stm32g0xx_hal_spi.o
                0x0800dda0                HAL_SPI_Abort
 .text.HAL_SPI_RxCpltCallback
                0x0800df24        0x2 ./Drivers/STM32G0xx_HAL_Driver/Src/stm32g0xx_hal_spi.o
                0x0800df24                HAL_SPI_RxCpltCallback
 .text.HAL_SPI_TxHalfCpltCallback
                0x0800df26        0x2 ./Drivers/STM32G0xx_HAL_Driver/Src/stm32g0xx_hal_spi.o
                0x0800df26                HAL_SPI_TxHalfCpltCallback
 .text.SPI_DMAHalfTransmitCplt
                0x0800df28        0xa ./Drivers/STM32G0xx_HAL_Driver/Src/stm32g0xx_hal_spi.o
 .text.HAL_SPI_RxHalfCpltCallback
                0x0800df32        0x2 ./Drivers/STM32G0xx_HAL_Driver/Src/stm32g0xx_hal_spi.o
                0x0800df32                HAL_SPI_RxHalfCpltCallback
 .text.SPI_DMAHalfReceiveCplt
                0x0800df34        0xa ./Drivers/STM32G0xx_HAL_Driver/Src/stm32g0xx_hal_spi.o
 .text.HAL_SPI_TxRxHalfCpltCallback
                0x0800df3e        0x2 ./Drivers/STM32G0xx_HAL_Driver/Src/stm32g0xx_hal_spi.o
                0x0800df3e                HAL_SPI_TxRxHalfCpltCallback
 .text.SPI_DMAHalfTransmitReceiveCplt
                0x0800df40        0xa ./Drivers/STM32G0xx_HAL_Driver/Src/stm32g0xx_hal_spi.o
 .text.HAL_SPI_ErrorCallback
                0x0800df4a        0x2 ./Drivers/STM32G0xx_HAL_Driver/Src/stm32g0xx_hal_spi.o
                0x0800df4a                HAL_SPI_ErrorCallback
 .text.SPI_DMAError
                0x0800df4c       0x24 ./Drivers/STM32G0xx_HAL_Driver/Src/stm32g0xx_hal_spi.o
 .text.SPI_DMATransmitCplt
                0x0800df70       0x6e ./Drivers/STM32G0xx_HAL_Driver/Src/stm32g0xx_hal_spi.o
 .text.SPI_DMAReceiveCplt
                0x0800dfde       0x70 ./Drivers/STM32G0xx_HAL_Driver/Src/stm32g0xx_hal_spi.o
 .text.SPI_DMATransmitReceiveCplt
                0x0800e04e       0x62 ./Drivers/STM32G0xx_HAL_Driver/Src/stm32g0xx_hal_spi.o
 .text.HAL_SPI_IRQHandler
                0x0800e0b0      0x118 ./Drivers/STM32G0xx_HAL_Driver/Src/stm32g0xx_hal_spi.o
                0x0800e0b0                HAL_SPI_IRQHandler
 .text.SPI_DMAAbortOnError
                0x0800e1c8       0x14 ./Drivers/STM32G0xx_HAL_Driver/Src/stm32g0xx_hal_spi.o
 .text.TIM_OC1_SetConfig
                0x0800e1dc       0x74 ./Drivers/STM32G0xx_HAL_Driver/Src/stm32g0xx_hal_tim.o
 .text.TIM_OC3_SetConfig
                0x0800e250       0x8c ./Drivers/STM32G0xx_HAL_Driver/Src/stm32g0xx_hal_tim.o
 .text.TIM_OC4_SetConfig
                0x0800e2dc       0x74 ./Drivers/STM32G0xx_HAL_Driver/Src/stm32g0xx_hal_tim.o
 .text.TIM_OC5_SetConfig
                0x0800e350       0x6c ./Drivers/STM32G0xx_HAL_Driver/Src/stm32g0xx_hal_tim.o
 .text.TIM_OC6_SetConfig
                0x0800e3bc       0x74 ./Drivers/STM32G0xx_HAL_Driver/Src/stm32g0xx_hal_tim.o
 .text.HAL_TIM_Base_Start_IT
                0x0800e430       0x74 ./Drivers/STM32G0xx_HAL_Driver/Src/stm32g0xx_hal_tim.o
                0x0800e430                HAL_TIM_Base_Start_IT
 .text.HAL_TIM_Base_Stop_IT
                0x0800e4a4       0x34 ./Drivers/STM32G0xx_HAL_Driver/Src/stm32g0xx_hal_tim.o
                0x0800e4a4                HAL_TIM_Base_Stop_IT
 .text.HAL_TIM_IC_MspInit
                0x0800e4d8        0x2 ./Drivers/STM32G0xx_HAL_Driver/Src/stm32g0xx_hal_tim.o
                0x0800e4d8                HAL_TIM_IC_MspInit
 .text.HAL_TIM_OC_DelayElapsedCallback
                0x0800e4da        0x2 ./Drivers/STM32G0xx_HAL_Driver/Src/stm32g0xx_hal_tim.o
                0x0800e4da                HAL_TIM_OC_DelayElapsedCallback
 .text.HAL_TIM_IC_CaptureCallback
                0x0800e4dc        0x2 ./Drivers/STM32G0xx_HAL_Driver/Src/stm32g0xx_hal_tim.o
                0x0800e4dc                HAL_TIM_IC_CaptureCallback
 .text.HAL_TIM_PWM_PulseFinishedCallback
                0x0800e4de        0x2 ./Drivers/STM32G0xx_HAL_Driver/Src/stm32g0xx_hal_tim.o
                0x0800e4de                HAL_TIM_PWM_PulseFinishedCallback
 .text.HAL_TIM_TriggerCallback
                0x0800e4e0        0x2 ./Drivers/STM32G0xx_HAL_Driver/Src/stm32g0xx_hal_tim.o
                0x0800e4e0                HAL_TIM_TriggerCallback
 *fill*         0x0800e4e2        0x2 
 .text.HAL_TIM_IRQHandler
                0x0800e4e4      0x158 ./Drivers/STM32G0xx_HAL_Driver/Src/stm32g0xx_hal_tim.o
                0x0800e4e4                HAL_TIM_IRQHandler
 .text.TIM_Base_SetConfig
                0x0800e63c       0xa8 ./Drivers/STM32G0xx_HAL_Driver/Src/stm32g0xx_hal_tim.o
                0x0800e63c                TIM_Base_SetConfig
 .text.HAL_TIM_Base_Init
                0x0800e6e4       0x54 ./Drivers/STM32G0xx_HAL_Driver/Src/stm32g0xx_hal_tim.o
                0x0800e6e4                HAL_TIM_Base_Init
 .text.HAL_TIM_PWM_Init
                0x0800e738       0x54 ./Drivers/STM32G0xx_HAL_Driver/Src/stm32g0xx_hal_tim.o
                0x0800e738                HAL_TIM_PWM_Init
 .text.HAL_TIM_IC_Init
                0x0800e78c       0x54 ./Drivers/STM32G0xx_HAL_Driver/Src/stm32g0xx_hal_tim.o
                0x0800e78c                HAL_TIM_IC_Init
 .text.TIM_OC2_SetConfig
                0x0800e7e0       0x80 ./Drivers/STM32G0xx_HAL_Driver/Src/stm32g0xx_hal_tim.o
                0x0800e7e0                TIM_OC2_SetConfig
 .text.HAL_TIM_PWM_ConfigChannel
                0x0800e860      0x10c ./Drivers/STM32G0xx_HAL_Driver/Src/stm32g0xx_hal_tim.o
                0x0800e860                HAL_TIM_PWM_ConfigChannel
 .text.TIM_TI1_SetConfig
                0x0800e96c       0x64 ./Drivers/STM32G0xx_HAL_Driver/Src/stm32g0xx_hal_tim.o
                0x0800e96c                TIM_TI1_SetConfig
 .text.HAL_TIM_IC_ConfigChannel
                0x0800e9d0      0x154 ./Drivers/STM32G0xx_HAL_Driver/Src/stm32g0xx_hal_tim.o
                0x0800e9d0                HAL_TIM_IC_ConfigChannel
 .text.TIM_CCxChannelCmd
                0x0800eb24       0x1a ./Drivers/STM32G0xx_HAL_Driver/Src/stm32g0xx_hal_tim.o
                0x0800eb24                TIM_CCxChannelCmd
 *fill*         0x0800eb3e        0x2 
 .text.HAL_TIM_OC_Stop
                0x0800eb40       0xa8 ./Drivers/STM32G0xx_HAL_Driver/Src/stm32g0xx_hal_tim.o
                0x0800eb40                HAL_TIM_OC_Stop
 .text.HAL_TIM_PWM_Stop
                0x0800ebe8        0x8 ./Drivers/STM32G0xx_HAL_Driver/Src/stm32g0xx_hal_tim.o
                0x0800ebe8                HAL_TIM_PWM_Stop
 .text.HAL_TIMEx_MasterConfigSynchronization
                0x0800ebf0       0x7c ./Drivers/STM32G0xx_HAL_Driver/Src/stm32g0xx_hal_tim_ex.o
                0x0800ebf0                HAL_TIMEx_MasterConfigSynchronization
 .text.HAL_TIMEx_ConfigBreakDeadTime
                0x0800ec6c       0xbc ./Drivers/STM32G0xx_HAL_Driver/Src/stm32g0xx_hal_tim_ex.o
                0x0800ec6c                HAL_TIMEx_ConfigBreakDeadTime
 .text.HAL_TIMEx_TISelection
                0x0800ed28       0x54 ./Drivers/STM32G0xx_HAL_Driver/Src/stm32g0xx_hal_tim_ex.o
                0x0800ed28                HAL_TIMEx_TISelection
 .text.HAL_TIMEx_CommutCallback
                0x0800ed7c        0x2 ./Drivers/STM32G0xx_HAL_Driver/Src/stm32g0xx_hal_tim_ex.o
                0x0800ed7c                HAL_TIMEx_CommutCallback
 .text.HAL_TIMEx_BreakCallback
                0x0800ed7e        0x2 ./Drivers/STM32G0xx_HAL_Driver/Src/stm32g0xx_hal_tim_ex.o
                0x0800ed7e                HAL_TIMEx_BreakCallback
 .text.HAL_TIMEx_Break2Callback
                0x0800ed80        0x2 ./Drivers/STM32G0xx_HAL_Driver/Src/stm32g0xx_hal_tim_ex.o
                0x0800ed80                HAL_TIMEx_Break2Callback
 *fill*         0x0800ed82        0x2 
 .text.UART_EndRxTransfer
                0x0800ed84       0x64 ./Drivers/STM32G0xx_HAL_Driver/Src/stm32g0xx_hal_uart.o
 .text.UART_SetConfig
                0x0800ede8      0x28c ./Drivers/STM32G0xx_HAL_Driver/Src/stm32g0xx_hal_uart.o
                0x0800ede8                UART_SetConfig
 .text.UART_AdvFeatureConfig
                0x0800f074       0xd0 ./Drivers/STM32G0xx_HAL_Driver/Src/stm32g0xx_hal_uart.o
                0x0800f074                UART_AdvFeatureConfig
 .text.UART_WaitOnFlagUntilTimeout
                0x0800f144       0x92 ./Drivers/STM32G0xx_HAL_Driver/Src/stm32g0xx_hal_uart.o
                0x0800f144                UART_WaitOnFlagUntilTimeout
 .text.HAL_UART_Transmit
                0x0800f1d6       0xd4 ./Drivers/STM32G0xx_HAL_Driver/Src/stm32g0xx_hal_uart.o
                0x0800f1d6                HAL_UART_Transmit
 *fill*         0x0800f2aa        0x2 
 .text.UART_CheckIdleState
                0x0800f2ac       0xc8 ./Drivers/STM32G0xx_HAL_Driver/Src/stm32g0xx_hal_uart.o
                0x0800f2ac                UART_CheckIdleState
 .text.HAL_UART_Init
                0x0800f374       0x68 ./Drivers/STM32G0xx_HAL_Driver/Src/stm32g0xx_hal_uart.o
                0x0800f374                HAL_UART_Init
 .text.UARTEx_SetNbDataToProcess
                0x0800f3dc       0x50 ./Drivers/STM32G0xx_HAL_Driver/Src/stm32g0xx_hal_uart_ex.o
 .text.HAL_UARTEx_DisableFifoMode
                0x0800f42c       0x3c ./Drivers/STM32G0xx_HAL_Driver/Src/stm32g0xx_hal_uart_ex.o
                0x0800f42c                HAL_UARTEx_DisableFifoMode
 .text.HAL_UARTEx_SetTxFifoThreshold
                0x0800f468       0x40 ./Drivers/STM32G0xx_HAL_Driver/Src/stm32g0xx_hal_uart_ex.o
                0x0800f468                HAL_UARTEx_SetTxFifoThreshold
 .text.HAL_UARTEx_SetRxFifoThreshold
                0x0800f4a8       0x44 ./Drivers/STM32G0xx_HAL_Driver/Src/stm32g0xx_hal_uart_ex.o
                0x0800f4a8                HAL_UARTEx_SetRxFifoThreshold
 .text.USB_EnableGlobalInt
                0x0800f4ec       0x10 ./Drivers/STM32G0xx_HAL_Driver/Src/stm32g0xx_ll_usb.o
                0x0800f4ec                USB_EnableGlobalInt
 .text.USB_DisableGlobalInt
                0x0800f4fc       0x10 ./Drivers/STM32G0xx_HAL_Driver/Src/stm32g0xx_ll_usb.o
                0x0800f4fc                USB_DisableGlobalInt
 .text.USB_DevInit
                0x0800f50c       0x2a ./Drivers/STM32G0xx_HAL_Driver/Src/stm32g0xx_ll_usb.o
                0x0800f50c                USB_DevInit
 *fill*         0x0800f536        0x2 
 .text.USB_ActivateEndpoint
                0x0800f538      0x20c ./Drivers/STM32G0xx_HAL_Driver/Src/stm32g0xx_ll_usb.o
                0x0800f538                USB_ActivateEndpoint
 .text.USB_DeactivateEndpoint
                0x0800f744       0xe0 ./Drivers/STM32G0xx_HAL_Driver/Src/stm32g0xx_ll_usb.o
                0x0800f744                USB_DeactivateEndpoint
 .text.USB_EPSetStall
                0x0800f824       0x40 ./Drivers/STM32G0xx_HAL_Driver/Src/stm32g0xx_ll_usb.o
                0x0800f824                USB_EPSetStall
 .text.USB_EPClearStall
                0x0800f864       0x74 ./Drivers/STM32G0xx_HAL_Driver/Src/stm32g0xx_ll_usb.o
                0x0800f864                USB_EPClearStall
 .text.USB_SetDevAddress
                0x0800f8d8        0xc ./Drivers/STM32G0xx_HAL_Driver/Src/stm32g0xx_ll_usb.o
                0x0800f8d8                USB_SetDevAddress
 .text.USB_DevConnect
                0x0800f8e4        0xe ./Drivers/STM32G0xx_HAL_Driver/Src/stm32g0xx_ll_usb.o
                0x0800f8e4                USB_DevConnect
 .text.USB_ReadInterrupts
                0x0800f8f2        0x4 ./Drivers/STM32G0xx_HAL_Driver/Src/stm32g0xx_ll_usb.o
                0x0800f8f2                USB_ReadInterrupts
 *fill*         0x0800f8f6        0x2 
 .text.USB_WritePMA
                0x0800f8f8       0x5c ./Drivers/STM32G0xx_HAL_Driver/Src/stm32g0xx_ll_usb.o
                0x0800f8f8                USB_WritePMA
 .text.USB_EPStartXfer
                0x0800f954      0x3f4 ./Drivers/STM32G0xx_HAL_Driver/Src/stm32g0xx_ll_usb.o
                0x0800f954                USB_EPStartXfer
 .text.USB_ReadPMA
                0x0800fd48       0x54 ./Drivers/STM32G0xx_HAL_Driver/Src/stm32g0xx_ll_usb.o
                0x0800fd48                USB_ReadPMA
 .text.MX_FATFS_Init
                0x0800fd9c       0x28 ./FATFS/App/app_fatfs.o
                0x0800fd9c                MX_FATFS_Init
 .text.get_fattime
                0x0800fdc4        0x4 ./FATFS/App/app_fatfs.o
                0x0800fdc4                get_fattime
 .text.USER_initialize
                0x0800fdc8        0x8 ./FATFS/Target/user_diskio.o
                0x0800fdc8                USER_initialize
 .text.USER_status
                0x0800fdd0        0x8 ./FATFS/Target/user_diskio.o
                0x0800fdd0                USER_status
 .text.USER_read
                0x0800fdd8        0x8 ./FATFS/Target/user_diskio.o
                0x0800fdd8                USER_read
 .text.USER_write
                0x0800fde0        0x8 ./FATFS/Target/user_diskio.o
                0x0800fde0                USER_write
 .text.USER_ioctl
                0x0800fde8        0x8 ./FATFS/Target/user_diskio.o
                0x0800fde8                USER_ioctl
 .text.USBD_CDC_EP0_RxReady
                0x0800fdf0       0x44 ./Middlewares/ST/STM32_USB_Device_Library/Class/CDC/Src/usbd_cdc.o
 .text.USBD_CDC_GetDeviceQualifierDescriptor
                0x0800fe34        0xc ./Middlewares/ST/STM32_USB_Device_Library/Class/CDC/Src/usbd_cdc.o
                0x0800fe34                USBD_CDC_GetDeviceQualifierDescriptor
 .text.USBD_CDC_GetFSCfgDesc
                0x0800fe40       0x50 ./Middlewares/ST/STM32_USB_Device_Library/Class/CDC/Src/usbd_cdc.o
 .text.USBD_CDC_GetOtherSpeedCfgDesc
                0x0800fe90        0x8 ./Middlewares/ST/STM32_USB_Device_Library/Class/CDC/Src/usbd_cdc.o
 .text.USBD_CDC_GetHSCfgDesc
                0x0800fe98       0x50 ./Middlewares/ST/STM32_USB_Device_Library/Class/CDC/Src/usbd_cdc.o
 .text.USBD_CDC_DataOut
                0x0800fee8       0x3c ./Middlewares/ST/STM32_USB_Device_Library/Class/CDC/Src/usbd_cdc.o
 .text.USBD_CDC_DataIn
                0x0800ff24       0x7a ./Middlewares/ST/STM32_USB_Device_Library/Class/CDC/Src/usbd_cdc.o
 *fill*         0x0800ff9e        0x2 
 .text.USBD_CDC_Setup
                0x0800ffa0       0xf4 ./Middlewares/ST/STM32_USB_Device_Library/Class/CDC/Src/usbd_cdc.o
 .text.USBD_CDC_DeInit
                0x08010094       0x62 ./Middlewares/ST/STM32_USB_Device_Library/Class/CDC/Src/usbd_cdc.o
 .text.USBD_CDC_Init
                0x080100f6       0xd8 ./Middlewares/ST/STM32_USB_Device_Library/Class/CDC/Src/usbd_cdc.o
 .text.USBD_CDC_RegisterInterface
                0x080101ce       0x1a ./Middlewares/ST/STM32_USB_Device_Library/Class/CDC/Src/usbd_cdc.o
                0x080101ce                USBD_CDC_RegisterInterface
 .text.USBD_CDC_SetTxBuffer
                0x080101e8       0x22 ./Middlewares/ST/STM32_USB_Device_Library/Class/CDC/Src/usbd_cdc.o
                0x080101e8                USBD_CDC_SetTxBuffer
 .text.USBD_CDC_SetRxBuffer
                0x0801020a       0x1c ./Middlewares/ST/STM32_USB_Device_Library/Class/CDC/Src/usbd_cdc.o
                0x0801020a                USBD_CDC_SetRxBuffer
 .text.USBD_CDC_TransmitPacket
                0x08010226       0x3c ./Middlewares/ST/STM32_USB_Device_Library/Class/CDC/Src/usbd_cdc.o
                0x08010226                USBD_CDC_TransmitPacket
 .text.USBD_CDC_ReceivePacket
                0x08010262       0x34 ./Middlewares/ST/STM32_USB_Device_Library/Class/CDC/Src/usbd_cdc.o
                0x08010262                USBD_CDC_ReceivePacket
 .text.USBD_Init
                0x08010296       0x36 ./Middlewares/ST/STM32_USB_Device_Library/Core/Src/usbd_core.o
                0x08010296                USBD_Init
 .text.USBD_RegisterClass
                0x080102cc       0x36 ./Middlewares/ST/STM32_USB_Device_Library/Core/Src/usbd_core.o
                0x080102cc                USBD_RegisterClass
 .text.USBD_Start
                0x08010302        0x8 ./Middlewares/ST/STM32_USB_Device_Library/Core/Src/usbd_core.o
                0x08010302                USBD_Start
 .text.USBD_SetClassConfig
                0x0801030a       0x16 ./Middlewares/ST/STM32_USB_Device_Library/Core/Src/usbd_core.o
                0x0801030a                USBD_SetClassConfig
 .text.USBD_ClrClassConfig
                0x08010320       0x14 ./Middlewares/ST/STM32_USB_Device_Library/Core/Src/usbd_core.o
                0x08010320                USBD_ClrClassConfig
 .text.USBD_LL_SetupStage
                0x08010334       0x60 ./Middlewares/ST/STM32_USB_Device_Library/Core/Src/usbd_core.o
                0x08010334                USBD_LL_SetupStage
 .text.USBD_LL_DataOutStage
                0x08010394       0x84 ./Middlewares/ST/STM32_USB_Device_Library/Core/Src/usbd_core.o
                0x08010394                USBD_LL_DataOutStage
 .text.USBD_LL_DataInStage
                0x08010418       0xba ./Middlewares/ST/STM32_USB_Device_Library/Core/Src/usbd_core.o
                0x08010418                USBD_LL_DataInStage
 .text.USBD_LL_Reset
                0x080104d2       0x66 ./Middlewares/ST/STM32_USB_Device_Library/Core/Src/usbd_core.o
                0x080104d2                USBD_LL_Reset
 .text.USBD_LL_SetSpeed
                0x08010538        0x6 ./Middlewares/ST/STM32_USB_Device_Library/Core/Src/usbd_core.o
                0x08010538                USBD_LL_SetSpeed
 *fill*         0x0801053e        0x2 
 .text.USBD_LL_Suspend
                0x08010540       0x18 ./Middlewares/ST/STM32_USB_Device_Library/Core/Src/usbd_core.o
                0x08010540                USBD_LL_Suspend
 .text.USBD_LL_Resume
                0x08010558       0x1c ./Middlewares/ST/STM32_USB_Device_Library/Core/Src/usbd_core.o
                0x08010558                USBD_LL_Resume
 .text.USBD_LL_SOF
                0x08010574       0x22 ./Middlewares/ST/STM32_USB_Device_Library/Core/Src/usbd_core.o
                0x08010574                USBD_LL_SOF
 .text.USBD_CoreFindIF
                0x08010596        0x4 ./Middlewares/ST/STM32_USB_Device_Library/Core/Src/usbd_core.o
                0x08010596                USBD_CoreFindIF
 .text.USBD_CoreFindEP
                0x0801059a        0x4 ./Middlewares/ST/STM32_USB_Device_Library/Core/Src/usbd_core.o
                0x0801059a                USBD_CoreFindEP
 .text.USBD_GetEpDesc
                0x0801059e       0x2a ./Middlewares/ST/STM32_USB_Device_Library/Core/Src/usbd_core.o
                0x0801059e                USBD_GetEpDesc
 .text.USBD_CtlError.constprop.0
                0x080105c8       0x14 ./Middlewares/ST/STM32_USB_Device_Library/Core/Src/usbd_ctlreq.o
 .text.USBD_StdDevReq
                0x080105dc      0x2d4 ./Middlewares/ST/STM32_USB_Device_Library/Core/Src/usbd_ctlreq.o
                0x080105dc                USBD_StdDevReq
 .text.USBD_StdItfReq
                0x080108b0       0x6a ./Middlewares/ST/STM32_USB_Device_Library/Core/Src/usbd_ctlreq.o
                0x080108b0                USBD_StdItfReq
 .text.USBD_StdEPReq
                0x0801091a      0x15e ./Middlewares/ST/STM32_USB_Device_Library/Core/Src/usbd_ctlreq.o
                0x0801091a                USBD_StdEPReq
 .text.USBD_ParseSetupRequest
                0x08010a78       0x28 ./Middlewares/ST/STM32_USB_Device_Library/Core/Src/usbd_ctlreq.o
                0x08010a78                USBD_ParseSetupRequest
 .text.USBD_CtlError
                0x08010aa0       0x14 ./Middlewares/ST/STM32_USB_Device_Library/Core/Src/usbd_ctlreq.o
                0x08010aa0                USBD_CtlError
 .text.USBD_GetString
                0x08010ab4       0x3a ./Middlewares/ST/STM32_USB_Device_Library/Core/Src/usbd_ctlreq.o
                0x08010ab4                USBD_GetString
 .text.USBD_CtlSendData
                0x08010aee       0x1c ./Middlewares/ST/STM32_USB_Device_Library/Core/Src/usbd_ioreq.o
                0x08010aee                USBD_CtlSendData
 .text.USBD_CtlContinueSendData
                0x08010b0a       0x10 ./Middlewares/ST/STM32_USB_Device_Library/Core/Src/usbd_ioreq.o
                0x08010b0a                USBD_CtlContinueSendData
 .text.USBD_CtlPrepareRx
                0x08010b1a       0x20 ./Middlewares/ST/STM32_USB_Device_Library/Core/Src/usbd_ioreq.o
                0x08010b1a                USBD_CtlPrepareRx
 .text.USBD_CtlContinueRx
                0x08010b3a       0x10 ./Middlewares/ST/STM32_USB_Device_Library/Core/Src/usbd_ioreq.o
                0x08010b3a                USBD_CtlContinueRx
 .text.USBD_CtlSendStatus
                0x08010b4a       0x18 ./Middlewares/ST/STM32_USB_Device_Library/Core/Src/usbd_ioreq.o
                0x08010b4a                USBD_CtlSendStatus
 .text.USBD_CtlReceiveStatus
                0x08010b62       0x18 ./Middlewares/ST/STM32_USB_Device_Library/Core/Src/usbd_ioreq.o
                0x08010b62                USBD_CtlReceiveStatus
 *fill*         0x08010b7a        0x2 
 .text.disk_status
                0x08010b7c       0x1c ./Middlewares/Third_Party/FatFs/src/diskio.o
                0x08010b7c                disk_status
 .text.disk_initialize
                0x08010b98       0x28 ./Middlewares/Third_Party/FatFs/src/diskio.o
                0x08010b98                disk_initialize
 .text.disk_read
                0x08010bc0       0x1c ./Middlewares/Third_Party/FatFs/src/diskio.o
                0x08010bc0                disk_read
 .text.disk_write
                0x08010bdc       0x1c ./Middlewares/Third_Party/FatFs/src/diskio.o
                0x08010bdc                disk_write
 .text.disk_ioctl
                0x08010bf8       0x1c ./Middlewares/Third_Party/FatFs/src/diskio.o
                0x08010bf8                disk_ioctl
 .text.ld_dword
                0x08010c14       0x16 ./Middlewares/Third_Party/FatFs/src/ff.o
 .text.ld_qword
                0x08010c2a       0x2c ./Middlewares/Third_Party/FatFs/src/ff.o
 .text.st_dword
                0x08010c56       0x10 ./Middlewares/Third_Party/FatFs/src/ff.o
 .text.st_qword
                0x08010c66       0x1e ./Middlewares/Third_Party/FatFs/src/ff.o
 .text.mem_set  0x08010c84        0xc ./Middlewares/Third_Party/FatFs/src/ff.o
 .text.chk_lock
                0x08010c90       0x74 ./Middlewares/Third_Party/FatFs/src/ff.o
 .text.inc_lock
                0x08010d04       0x8c ./Middlewares/Third_Party/FatFs/src/ff.o
 .text.dec_lock
                0x08010d90       0x3c ./Middlewares/Third_Party/FatFs/src/ff.o
 .text.clear_lock
                0x08010dcc       0x1c ./Middlewares/Third_Party/FatFs/src/ff.o
 .text.clust2sect
                0x08010de8       0x18 ./Middlewares/Third_Party/FatFs/src/ff.o
 .text.clmt_clust
                0x08010e00       0x32 ./Middlewares/Third_Party/FatFs/src/ff.o
 .text.sum_sfn  0x08010e32       0x1c ./Middlewares/Third_Party/FatFs/src/ff.o
 .text.xdir_sum
                0x08010e4e       0x28 ./Middlewares/Third_Party/FatFs/src/ff.o
 .text.get_ldnumber
                0x08010e76       0x2c ./Middlewares/Third_Party/FatFs/src/ff.o
 .text.sync_window
                0x08010ea2       0x4e ./Middlewares/Third_Party/FatFs/src/ff.o
 .text.xname_sum
                0x08010ef0       0x38 ./Middlewares/Third_Party/FatFs/src/ff.o
 .text.mem_cpy.part.0
                0x08010f28       0x10 ./Middlewares/Third_Party/FatFs/src/ff.o
 .text.st_clust
                0x08010f38       0x18 ./Middlewares/Third_Party/FatFs/src/ff.o
 .text.move_window
                0x08010f50       0x34 ./Middlewares/Third_Party/FatFs/src/ff.o
 .text.change_bitmap
                0x08010f84       0x82 ./Middlewares/Third_Party/FatFs/src/ff.o
 *fill*         0x08011006        0x2 
 .text.get_fat  0x08011008      0x148 ./Middlewares/Third_Party/FatFs/src/ff.o
 .text.dir_sdi  0x08011150       0xa4 ./Middlewares/Third_Party/FatFs/src/ff.o
 .text.put_fat  0x080111f4      0x122 ./Middlewares/Third_Party/FatFs/src/ff.o
 .text.fill_last_frag
                0x08011316       0x30 ./Middlewares/Third_Party/FatFs/src/ff.o
 .text.fill_first_frag
                0x08011346       0x30 ./Middlewares/Third_Party/FatFs/src/ff.o
 .text.remove_chain
                0x08011376       0xda ./Middlewares/Third_Party/FatFs/src/ff.o
 .text.sync_fs  0x08011450       0xb0 ./Middlewares/Third_Party/FatFs/src/ff.o
 .text.create_chain
                0x08011500      0x1aa ./Middlewares/Third_Party/FatFs/src/ff.o
 *fill*         0x080116aa        0x2 
 .text.dir_next
                0x080116ac      0x10c ./Middlewares/Third_Party/FatFs/src/ff.o
 .text.load_xdir
                0x080117b8       0xc2 ./Middlewares/Third_Party/FatFs/src/ff.o
 .text.dir_alloc
                0x0801187a       0x56 ./Middlewares/Third_Party/FatFs/src/ff.o
 .text.store_xdir
                0x080118d0       0x60 ./Middlewares/Third_Party/FatFs/src/ff.o
 .text.dir_remove
                0x08011930       0x5a ./Middlewares/Third_Party/FatFs/src/ff.o
 *fill*         0x0801198a        0x2 
 .text.dir_read.constprop.0
                0x0801198c      0x144 ./Middlewares/Third_Party/FatFs/src/ff.o
 .text.dir_find
                0x08011ad0      0x204 ./Middlewares/Third_Party/FatFs/src/ff.o
 .text.dir_register
                0x08011cd4      0x378 ./Middlewares/Third_Party/FatFs/src/ff.o
 .text.unlock_fs
                0x0801204c       0x1c ./Middlewares/Third_Party/FatFs/src/ff.o
 .text.ld_clust.isra.0
                0x08012068       0x1c ./Middlewares/Third_Party/FatFs/src/ff.o
 .text.follow_path
                0x08012084      0x2d4 ./Middlewares/Third_Party/FatFs/src/ff.o
 .text.check_fs
                0x08012358       0xa4 ./Middlewares/Third_Party/FatFs/src/ff.o
 .text.find_volume
                0x080123fc      0x3e8 ./Middlewares/Third_Party/FatFs/src/ff.o
 .text.validate
                0x080127e4       0x5a ./Middlewares/Third_Party/FatFs/src/ff.o
 *fill*         0x0801283e        0x2 
 .text.f_mount  0x08012840       0x80 ./Middlewares/Third_Party/FatFs/src/ff.o
                0x08012840                f_mount
 .text.f_open   0x080128c0      0x37c ./Middlewares/Third_Party/FatFs/src/ff.o
                0x080128c0                f_open
 .text.f_read   0x08012c3c      0x1d2 ./Middlewares/Third_Party/FatFs/src/ff.o
                0x08012c3c                f_read
 .text.f_write  0x08012e0e      0x218 ./Middlewares/Third_Party/FatFs/src/ff.o
                0x08012e0e                f_write
 .text.f_sync   0x08013026      0x1a6 ./Middlewares/Third_Party/FatFs/src/ff.o
                0x08013026                f_sync